Component: ARM Compiler 5.06 update 6 (build 750) Tool: armlink [4d35ed]

==============================================================================

Section Cross References

    main.o(i.main) refers to misc.o(i.NVIC_PriorityGroupConfig) for NVIC_PriorityGroupConfig
    main.o(i.main) refers to delay.o(i.delay_init) for delay_init
    main.o(i.main) refers to usart.o(i.UART1_Init) for UART1_Init
    main.o(i.main) refers to led.o(i.LED_Init) for LED_Init
    system_stm32f4xx.o(i.SystemCoreClockUpdate) refers to system_stm32f4xx.o(.data) for .data
    system_stm32f4xx.o(i.SystemInit) refers to system_stm32f4xx.o(i.SetSysClock) for SetSysClock
    led.o(i.LED_Init) refers to stm32f4xx_rcc.o(i.RCC_AHB1PeriphClockCmd) for RCC_AHB1PeriphClockCmd
    led.o(i.LED_Init) refers to stm32f4xx_gpio.o(i.GPIO_Init) for GPIO_Init
    led.o(i.LED_Init) refers to stm32f4xx_gpio.o(i.GPIO_SetBits) for GPIO_SetBits
    timer.o(i.TIM2_IRQHandler) refers to stm32f4xx_tim.o(i.TIM_GetITStatus) for TIM_GetITStatus
    timer.o(i.TIM2_IRQHandler) refers to stm32f4xx_tim.o(i.TIM_ClearITPendingBit) for TIM_ClearITPendingBit
    timer.o(i.TIM2_IRQHandler) refers to timer.o(.data) for .data
    timer.o(i.TIM2_Init) refers to stm32f4xx_rcc.o(i.RCC_APB1PeriphClockCmd) for RCC_APB1PeriphClockCmd
    timer.o(i.TIM2_Init) refers to stm32f4xx_tim.o(i.TIM_TimeBaseInit) for TIM_TimeBaseInit
    timer.o(i.TIM2_Init) refers to misc.o(i.NVIC_Init) for NVIC_Init
    timer.o(i.TIM2_Init) refers to stm32f4xx_tim.o(i.TIM_ITConfig) for TIM_ITConfig
    timer.o(i.TIM2_Init) refers to stm32f4xx_tim.o(i.TIM_ClearFlag) for TIM_ClearFlag
    timer.o(i.TIM2_Init) refers to stm32f4xx_tim.o(i.TIM_Cmd) for TIM_Cmd
    nau881x.o(i.Codec_Config) refers to nau881x.o(i.NAU881x_Init) for NAU881x_Init
    nau881x.o(i.Codec_Config) refers to nau881x.o(i.NAU881x_Set_PGA_Input) for NAU881x_Set_PGA_Input
    nau881x.o(i.Codec_Config) refers to nau881x.o(i.NAU881x_Set_MicBias_Enable) for NAU881x_Set_MicBias_Enable
    nau881x.o(i.Codec_Config) refers to nau881x.o(i.NAU881x_Set_MicBias_Voltage) for NAU881x_Set_MicBias_Voltage
    nau881x.o(i.Codec_Config) refers to nau881x.o(i.NAU881x_Set_MicBiasMode_Enable) for NAU881x_Set_MicBiasMode_Enable
    nau881x.o(i.Codec_Config) refers to nau881x.o(i.NAU881x_Set_PGA_Enable) for NAU881x_Set_PGA_Enable
    nau881x.o(i.Codec_Config) refers to nau881x.o(i.NAU881x_Set_PGA_Gain_db) for NAU881x_Set_PGA_Gain_db
    nau881x.o(i.Codec_Config) refers to nau881x.o(i.NAU881x_Set_PGA_Mute) for NAU881x_Set_PGA_Mute
    nau881x.o(i.Codec_Config) refers to nau881x.o(i.NAU881x_Set_PGA_ZeroCross) for NAU881x_Set_PGA_ZeroCross
    nau881x.o(i.Codec_Config) refers to nau881x.o(i.NAU881x_Set_Boost_Enable) for NAU881x_Set_Boost_Enable
    nau881x.o(i.Codec_Config) refers to nau881x.o(i.NAU881x_Set_PGA_Boost) for NAU881x_Set_PGA_Boost
    nau881x.o(i.Codec_Config) refers to nau881x.o(i.NAU881x_Set_ADC_Enable) for NAU881x_Set_ADC_Enable
    nau881x.o(i.Codec_Config) refers to nau881x.o(i.NAU881x_Set_ADC_Polarity) for NAU881x_Set_ADC_Polarity
    nau881x.o(i.Codec_Config) refers to nau881x.o(i.NAU881x_Set_ADC_OverSampleRate) for NAU881x_Set_ADC_OverSampleRate
    nau881x.o(i.Codec_Config) refers to nau881x.o(i.NAU881x_Set_ADC_HighPassFilter) for NAU881x_Set_ADC_HighPassFilter
    nau881x.o(i.Codec_Config) refers to nau881x.o(i.NAU881x_Set_ADC_Gain) for NAU881x_Set_ADC_Gain
    nau881x.o(i.Codec_Config) refers to nau881x.o(i.NAU881x_Set_ALC_Enable) for NAU881x_Set_ALC_Enable
    nau881x.o(i.Codec_Config) refers to nau881x.o(i.NAU881x_Set_ALC_NoiseGate_Enable) for NAU881x_Set_ALC_NoiseGate_Enable
    nau881x.o(i.Codec_Config) refers to nau881x.o(i.NAU881x_Set_DAC_Enable) for NAU881x_Set_DAC_Enable
    nau881x.o(i.Codec_Config) refers to nau881x.o(i.NAU881x_Set_DAC_Polarity) for NAU881x_Set_DAC_Polarity
    nau881x.o(i.Codec_Config) refers to nau881x.o(i.NAU881x_Set_DAC_AutoMute) for NAU881x_Set_DAC_AutoMute
    nau881x.o(i.Codec_Config) refers to nau881x.o(i.NAU881x_Set_DAC_SoftMute) for NAU881x_Set_DAC_SoftMute
    nau881x.o(i.Codec_Config) refers to nau881x.o(i.NAU881x_Set_DAC_OverSampleRate) for NAU881x_Set_DAC_OverSampleRate
    nau881x.o(i.Codec_Config) refers to nau881x.o(i.NAU881x_Set_DAC_SampleRate) for NAU881x_Set_DAC_SampleRate
    nau881x.o(i.Codec_Config) refers to nau881x.o(i.NAU881x_Set_DAC_Gain) for NAU881x_Set_DAC_Gain
    nau881x.o(i.Codec_Config) refers to nau881x.o(i.NAU881x_Set_DAC_Limiter_Enable) for NAU881x_Set_DAC_Limiter_Enable
    nau881x.o(i.Codec_Config) refers to nau881x.o(i.NAU881x_Set_Equalizer_Path) for NAU881x_Set_Equalizer_Path
    nau881x.o(i.Codec_Config) refers to nau881x.o(i.NAU881x_Set_Equalizer_Gain) for NAU881x_Set_Equalizer_Gain
    nau881x.o(i.Codec_Config) refers to nau881x.o(i.NAU881x_Set_Equalizer1_Frequency) for NAU881x_Set_Equalizer1_Frequency
[...]
    Removing stm32f4xx_tim.o(i.TIM_CCPreloadControl), (20 bytes).
    Removing stm32f4xx_tim.o(i.TIM_CCxCmd), (22 bytes).
    Removing stm32f4xx_tim.o(i.TIM_CCxNCmd), (22 bytes).
    Removing stm32f4xx_tim.o(i.TIM_ClearFlag), (6 bytes).
    Removing stm32f4xx_tim.o(i.TIM_ClearOC1Ref), (12 bytes).
    Removing stm32f4xx_tim.o(i.TIM_ClearOC2Ref), (20 bytes).
    Removing stm32f4xx_tim.o(i.TIM_ClearOC3Ref), (12 bytes).
    Removing stm32f4xx_tim.o(i.TIM_ClearOC4Ref), (20 bytes).
    Removing stm32f4xx_tim.o(i.TIM_Cmd), (20 bytes).
    Removing stm32f4xx_tim.o(i.TIM_CounterModeConfig), (12 bytes).
    Removing stm32f4xx_tim.o(i.TIM_CtrlPWMOutputs), (22 bytes).
    Removing stm32f4xx_tim.o(i.TIM_DMACmd), (16 bytes).
    Removing stm32f4xx_tim.o(i.TIM_DMAConfig), (8 bytes).
    Removing stm32f4xx_tim.o(i.TIM_DeInit), (336 bytes).
    Removing stm32f4xx_tim.o(i.TIM_ETRClockMode1Config), (18 bytes).
    Removing stm32f4xx_tim.o(i.TIM_ETRClockMode2Config), (18 bytes).
    Removing stm32f4xx_tim.o(i.TIM_ETRConfig), (24 bytes).
    Removing stm32f4xx_tim.o(i.TIM_EncoderInterfaceConfig), (50 bytes).
    Removing stm32f4xx_tim.o(i.TIM_ForcedOC1Config), (12 bytes).
    Removing stm32f4xx_tim.o(i.TIM_ForcedOC2Config), (20 bytes).
    Removing stm32f4xx_tim.o(i.TIM_ForcedOC3Config), (12 bytes).
    Removing stm32f4xx_tim.o(i.TIM_ForcedOC4Config), (20 bytes).
    Removing stm32f4xx_tim.o(i.TIM_GenerateEvent), (4 bytes).
    Removing stm32f4xx_tim.o(i.TIM_GetCapture1), (4 bytes).
    Removing stm32f4xx_tim.o(i.TIM_GetCapture2), (4 bytes).
    Removing stm32f4xx_tim.o(i.TIM_GetCapture3), (4 bytes).
    Removing stm32f4xx_tim.o(i.TIM_GetCapture4), (4 bytes).
    Removing stm32f4xx_tim.o(i.TIM_GetCounter), (4 bytes).
    Removing stm32f4xx_tim.o(i.TIM_GetFlagStatus), (14 bytes).
    Removing stm32f4xx_tim.o(i.TIM_GetPrescaler), (4 bytes).
    Removing stm32f4xx_tim.o(i.TIM_ICInit), (172 bytes).
    Removing stm32f4xx_tim.o(i.TIM_ICStructInit), (16 bytes).
    Removing stm32f4xx_tim.o(i.TIM_ITConfig), (16 bytes).
    Removing stm32f4xx_tim.o(i.TIM_ITRxExternalClockConfig), (18 bytes).
    Removing stm32f4xx_tim.o(i.TIM_InternalClockConfig), (10 bytes).
    Removing stm32f4xx_tim.o(i.TIM_OC1FastConfig), (12 bytes).
    Removing stm32f4xx_tim.o(i.TIM_OC1Init), (96 bytes).
    Removing stm32f4xx_tim.o(i.TIM_OC1NPolarityConfig), (12 bytes).
    Removing stm32f4xx_tim.o(i.TIM_OC1PolarityConfig), (12 bytes).
    Removing stm32f4xx_tim.o(i.TIM_OC1PreloadConfig), (12 bytes).
    Removing stm32f4xx_tim.o(i.TIM_OC2FastConfig), (20 bytes).
    Removing stm32f4xx_tim.o(i.TIM_OC2Init), (128 bytes).
    Removing stm32f4xx_tim.o(i.TIM_OC2NPolarityConfig), (20 bytes).
    Removing stm32f4xx_tim.o(i.TIM_OC2PolarityConfig), (20 bytes).
    Removing stm32f4xx_tim.o(i.TIM_OC2PreloadConfig), (20 bytes).
    Removing stm32f4xx_tim.o(i.TIM_OC3FastConfig), (12 bytes).
    Removing stm32f4xx_tim.o(i.TIM_OC3Init), (124 bytes).
    Removing stm32f4xx_tim.o(i.TIM_OC3NPolarityConfig), (20 bytes).
    Removing stm32f4xx_tim.o(i.TIM_OC3PolarityConfig), (20 bytes).
    Removing stm32f4xx_tim.o(i.TIM_OC3PreloadConfig), (12 bytes).
    Removing stm32f4xx_tim.o(i.TIM_OC4FastConfig), (20 bytes).
    Removing stm32f4xx_tim.o(i.TIM_OC4Init), (96 bytes).
    Removing stm32f4xx_tim.o(i.TIM_OC4PolarityConfig), (20 bytes).
    Removing stm32f4xx_tim.o(i.TIM_OC4PreloadConfig), (20 bytes).
    Removing stm32f4xx_tim.o(i.TIM_OCStructInit), (20 bytes).
    Removing stm32f4xx_tim.o(i.TIM_PWMIConfig), (108 bytes).
    Removing stm32f4xx_tim.o(i.TIM_PrescalerConfig), (6 bytes).
    Removing stm32f4xx_tim.o(i.TIM_RemapConfig), (6 bytes).
    Removing stm32f4xx_tim.o(i.TIM_SelectCCDMA), (20 bytes).
    Removing stm32f4xx_tim.o(i.TIM_SelectCOM), (20 bytes).
    Removing stm32f4xx_tim.o(i.TIM_SelectHallSensor), (20 bytes).
    Removing stm32f4xx_tim.o(i.TIM_SelectInputTrigger), (12 bytes).
    Removing stm32f4xx_tim.o(i.TIM_SelectMasterSlaveMode), (16 bytes).
    Removing stm32f4xx_tim.o(i.TIM_SelectOCxM), (74 bytes).
    Removing stm32f4xx_tim.o(i.TIM_SelectOnePulseMode), (16 bytes).
    Removing stm32f4xx_tim.o(i.TIM_SelectOutputTrigger), (16 bytes).
    Removing stm32f4xx_tim.o(i.TIM_SelectSlaveMode), (16 bytes).
    Removing stm32f4xx_tim.o(i.TIM_SetAutoreload), (4 bytes).
    Removing stm32f4xx_tim.o(i.TIM_SetClockDivision), (16 bytes).
    Removing stm32f4xx_tim.o(i.TIM_SetCompare1), (4 bytes).
    Removing stm32f4xx_tim.o(i.TIM_SetCompare2), (4 bytes).
    Removing stm32f4xx_tim.o(i.TIM_SetCompare3), (4 bytes).
    Removing stm32f4xx_tim.o(i.TIM_SetCompare4), (4 bytes).
    Removing stm32f4xx_tim.o(i.TIM_SetCounter), (4 bytes).
    Removing stm32f4xx_tim.o(i.TIM_SetIC1Prescaler), (16 bytes).
    Removing stm32f4xx_tim.o(i.TIM_SetIC2Prescaler), (24 bytes).
    Removing stm32f4xx_tim.o(i.TIM_SetIC3Prescaler), (16 bytes).
    Removing stm32f4xx_tim.o(i.TIM_SetIC4Prescaler), (24 bytes).
    Removing stm32f4xx_tim.o(i.TIM_TIxExternalClockConfig), (46 bytes).
    Removing stm32f4xx_tim.o(i.TIM_TimeBaseInit), (124 bytes).
    Removing stm32f4xx_tim.o(i.TIM_TimeBaseStructInit), (18 bytes).
    Removing stm32f4xx_tim.o(i.TIM_UpdateDisableConfig), (20 bytes).
    Removing stm32f4xx_tim.o(i.TIM_UpdateRequestConfig), (20 bytes).
    Removing stm32f4xx_spi.o(.rev16_text), (4 bytes).
    Removing stm32f4xx_spi.o(.revsh_text), (4 bytes).
    Removing stm32f4xx_spi.o(i.I2S_Cmd), (20 bytes).
    Removing stm32f4xx_spi.o(i.I2S_FullDuplexConfig), (58 bytes).
    Removing stm32f4xx_spi.o(i.I2S_Init), (212 bytes).
    Removing stm32f4xx_spi.o(i.I2S_StructInit), (18 bytes).
    Removing stm32f4xx_spi.o(i.SPI_BiDirectionalLineConfig), (22 bytes).
    Removing stm32f4xx_spi.o(i.SPI_CalculateCRC), (20 bytes).
    Removing stm32f4xx_spi.o(i.SPI_Cmd), (20 bytes).
    Removing stm32f4xx_spi.o(i.SPI_DataSizeConfig), (16 bytes).
    Removing stm32f4xx_spi.o(i.SPI_GetCRC), (12 bytes).
    Removing stm32f4xx_spi.o(i.SPI_GetCRCPolynomial), (4 bytes).
    Removing stm32f4xx_spi.o(i.SPI_I2S_ClearFlag), (6 bytes).
    Removing stm32f4xx_spi.o(i.SPI_I2S_ClearITPendingBit), (14 bytes).
    Removing stm32f4xx_spi.o(i.SPI_I2S_DMACmd), (16 bytes).
    Removing stm32f4xx_spi.o(i.SPI_I2S_DeInit), (132 bytes).
    Removing stm32f4xx_spi.o(i.SPI_I2S_GetFlagStatus), (14 bytes).
    Removing stm32f4xx_spi.o(i.SPI_I2S_GetITStatus), (44 bytes).
    Removing stm32f4xx_spi.o(i.SPI_I2S_ITConfig), (24 bytes).
    Removing stm32f4xx_spi.o(i.SPI_I2S_ReceiveData), (4 bytes).
    Removing stm32f4xx_spi.o(i.SPI_I2S_SendData), (4 bytes).
    Removing stm32f4xx_spi.o(i.SPI_Init), (56 bytes).
    Removing stm32f4xx_spi.o(i.SPI_NSSInternalSoftwareConfig), (24 bytes).
    Removing stm32f4xx_spi.o(i.SPI_SSOutputCmd), (20 bytes).
    Removing stm32f4xx_spi.o(i.SPI_StructInit), (24 bytes).
    Removing stm32f4xx_spi.o(i.SPI_TIModeCmd), (20 bytes).
    Removing stm32f4xx_spi.o(i.SPI_TransmitCRC), (10 bytes).
    Removing croutine.o(.rev16_text), (4 bytes).
    Removing croutine.o(.revsh_text), (4 bytes).
    Removing event_groups.o(.rev16_text), (4 bytes).
    Removing event_groups.o(.revsh_text), (4 bytes).
    Removing event_groups.o(i.prvTestWaitCondition), (20 bytes).
    Removing event_groups.o(i.uxEventGroupGetNumber), (8 bytes).
    Removing event_groups.o(i.vEventGroupClearBitsCallback), (4 bytes).
    Removing event_groups.o(i.vEventGroupDelete), (116 bytes).
    Removing event_groups.o(i.vEventGroupSetBitsCallback), (4 bytes).
    Removing event_groups.o(i.xEventGroupClearBits), (100 bytes).
    Removing event_groups.o(i.xEventGroupClearBitsFromISR), (16 bytes).
    Removing event_groups.o(i.xEventGroupCreate), (26 bytes).
    Removing event_groups.o(i.xEventGroupGetBitsFromISR), (26 bytes).
    Removing event_groups.o(i.xEventGroupSetBits), (176 bytes).
    Removing event_groups.o(i.xEventGroupSetBitsFromISR), (16 bytes).
    Removing event_groups.o(i.xEventGroupSync), (224 bytes).
    Removing event_groups.o(i.xEventGroupWaitBits), (288 bytes).
    Removing list.o(.rev16_text), (4 bytes).
    Removing list.o(.revsh_text), (4 bytes).
    Removing list.o(i.vListInitialise), (22 bytes).
    Removing list.o(i.vListInitialiseItem), (6 bytes).
    Removing list.o(i.vListInsert), (48 bytes).
    Removing queue.o(.rev16_text), (4 bytes).
    Removing queue.o(.revsh_text), (4 bytes).
    Removing queue.o(i.pcQueueGetName), (40 bytes).
    Removing queue.o(i.prvCopyDataFromQueue), (38 bytes).
    Removing queue.o(i.prvCopyDataToQueue), (108 bytes).
    Removing queue.o(i.prvIsQueueEmpty), (26 bytes).
    Removing queue.o(i.prvNotifyQueueSetContainer), (144 bytes).
    Removing queue.o(i.prvUnlockQueue), (120 bytes).
    Removing queue.o(i.ucQueueGetQueueType), (6 bytes).
    Removing queue.o(i.uxQueueGetQueueNumber), (4 bytes).
    Removing queue.o(i.uxQueueMessagesWaiting), (68 bytes).
    Removing queue.o(i.uxQueueMessagesWaitingFromISR), (60 bytes).
    Removing queue.o(i.uxQueueSpacesAvailable), (72 bytes).
    Removing queue.o(i.vQueueAddToRegistry), (36 bytes).
    Removing queue.o(i.vQueueDelete), (72 bytes).
    Removing queue.o(i.vQueueSetQueueNumber), (4 bytes).
    Removing queue.o(i.vQueueUnregisterQueue), (40 bytes).
    Removing queue.o(i.vQueueWaitForMessageRestricted), (68 bytes).
    Removing queue.o(i.xQueueAddToSet), (34 bytes).
    Removing queue.o(i.xQueueCreateCountingSemaphore), (92 bytes).
    Removing queue.o(i.xQueueCreateMutex), (36 bytes).
    Removing queue.o(i.xQueueCreateSet), (8 bytes).
    Removing queue.o(i.xQueueGenericCreate), (120 bytes).
    Removing queue.o(i.xQueueGenericReceive), (388 bytes).
    Removing queue.o(i.xQueueGenericReset), (168 bytes).
    Removing queue.o(i.xQueueGenericSend), (392 bytes).
    Removing queue.o(i.xQueueGenericSendFromISR), (224 bytes).
    Removing queue.o(i.xQueueGiveFromISR), (200 bytes).
    Removing queue.o(i.xQueueGiveMutexRecursive), (92 bytes).
    Removing queue.o(i.xQueueIsQueueEmptyFromISR), (68 bytes).
    Removing queue.o(i.xQueueIsQueueFullFromISR), (72 bytes).
    Removing queue.o(i.xQueuePeekFromISR), (140 bytes).
    Removing queue.o(i.xQueueReceiveFromISR), (180 bytes).
    Removing queue.o(i.xQueueRemoveFromSet), (34 bytes).
    Removing queue.o(i.xQueueSelectFromSet), (18 bytes).
    Removing queue.o(i.xQueueSelectFromSetFromISR), (18 bytes).
    Removing queue.o(i.xQueueTakeMutexRecursive), (100 bytes).
    Removing queue.o(.bss), (64 bytes).
    Removing tasks.o(.rev16_text), (4 bytes).
    Removing tasks.o(.revsh_text), (4 bytes).
    Removing tasks.o(i.eTaskGetState), (136 bytes).
    Removing tasks.o(i.pcTaskGetName), (76 bytes).
    Removing tasks.o(i.prvAddCurrentTaskToDelayedList), (112 bytes).
    Removing tasks.o(i.prvAddNewTaskToReadyList), (208 bytes).
    Removing tasks.o(i.prvCheckTasksWaitingTermination), (84 bytes).
    Removing tasks.o(i.prvDeleteTCB), (20 bytes).
    Removing tasks.o(i.prvIdleTask), (40 bytes).
    Removing tasks.o(i.prvInitialiseNewTask), (192 bytes).
    Removing tasks.o(i.prvListTasksWithinSingleList), (86 bytes).
    Removing tasks.o(i.prvTaskIsTaskSuspended), (84 bytes).
    Removing tasks.o(i.pvTaskIncrementMutexHeldCount), (24 bytes).
    Removing tasks.o(i.ulTaskNotifyTake), (104 bytes).
    Removing tasks.o(i.uxTaskGetNumberOfTasks), (12 bytes).
    Removing tasks.o(i.uxTaskGetSystemState), (172 bytes).
    Removing tasks.o(i.uxTaskGetTaskNumber), (8 bytes).
    Removing tasks.o(i.uxTaskPriorityGet), (28 bytes).
    Removing tasks.o(i.uxTaskPriorityGetFromISR), (44 bytes).
    Removing tasks.o(i.uxTaskResetEventItemValue), (24 bytes).
    Removing tasks.o(i.vTaskDelay), (108 bytes).
    Removing tasks.o(i.vTaskDelayUntil), (172 bytes).
    Removing tasks.o(i.vTaskDelete), (204 bytes).
    Removing tasks.o(i.vTaskEndScheduler), (28 bytes).
    Removing tasks.o(i.vTaskGetInfo), (132 bytes).
    Removing tasks.o(i.vTaskList), (208 bytes).
    Removing tasks.o(i.vTaskMissedYield), (12 bytes).
    Removing tasks.o(i.vTaskNotifyGiveFromISR), (212 bytes).
    Removing tasks.o(i.vTaskPlaceOnEventList), (84 bytes).
    Removing tasks.o(i.vTaskPlaceOnEventListRestricted), (92 bytes).
    Removing tasks.o(i.vTaskPlaceOnUnorderedEventList), (112 bytes).
    Removing tasks.o(i.vTaskPriorityInherit), (132 bytes).
    Removing tasks.o(i.vTaskPrioritySet), (228 bytes).
    Removing tasks.o(i.vTaskResume), (160 bytes).
    Removing tasks.o(i.vTaskSetTaskNumber), (8 bytes).
    Removing tasks.o(i.vTaskSetTimeOutState), (72 bytes).
    Removing tasks.o(i.vTaskStartScheduler), (148 bytes).
    Removing tasks.o(i.vTaskSuspend), (208 bytes).
    Removing tasks.o(i.vTaskSuspendAll), (16 bytes).
    Removing tasks.o(i.xTaskCheckForTimeOut), (136 bytes).
    Removing tasks.o(i.xTaskCreate), (86 bytes).
    Removing tasks.o(i.xTaskGenericNotify), (232 bytes).
    Removing tasks.o(i.xTaskGenericNotifyFromISR), (268 bytes).
    Removing tasks.o(i.xTaskGetCurrentTaskHandle), (12 bytes).
    Removing tasks.o(i.xTaskGetTickCount), (12 bytes).
    Removing tasks.o(i.xTaskGetTickCountFromISR), (16 bytes).
    Removing tasks.o(i.xTaskNotifyStateClear), (48 bytes).
    Removing tasks.o(i.xTaskNotifyWait), (140 bytes).
    Removing tasks.o(i.xTaskPriorityDisinherit), (180 bytes).
    Removing tasks.o(i.xTaskRemoveFromEventList), (152 bytes).
    Removing tasks.o(i.xTaskRemoveFromUnorderedEventList), (152 bytes).
    Removing tasks.o(i.xTaskResumeAll), (228 bytes).
    Removing tasks.o(i.xTaskResumeFromISR), (172 bytes).
    Removing timers.o(.rev16_text), (4 bytes).
    Removing timers.o(.revsh_text), (4 bytes).
    Removing timers.o(i.pcTimerGetName), (64 bytes).
    Removing timers.o(i.prvCheckForValidListAndQueue), (80 bytes).
    Removing timers.o(i.prvInsertTimerInActiveList), (56 bytes).
    Removing timers.o(i.prvProcessExpiredTimer), (96 bytes).
    Removing timers.o(i.prvProcessReceivedCommands), (240 bytes).
    Removing timers.o(i.prvProcessTimerOrBlockTask), (108 bytes).
    Removing timers.o(i.prvSampleTimeNow), (40 bytes).
    Removing timers.o(i.prvSwitchTimerLists), (108 bytes).
    Removing timers.o(i.prvTimerTask), (40 bytes).
    Removing timers.o(i.pvTimerGetTimerID), (72 bytes).
    Removing timers.o(i.vTimerSetTimerID), (76 bytes).
    Removing timers.o(i.xTimerCreate), (116 bytes).
    Removing timers.o(i.xTimerCreateTimerTask), (116 bytes).
    Removing timers.o(i.xTimerGenericCommand), (144 bytes).
    Removing timers.o(i.xTimerGetExpiryTime), (64 bytes).
    Removing timers.o(i.xTimerGetPeriod), (64 bytes).
    Removing timers.o(i.xTimerGetTimerDaemonTaskHandle), (68 bytes).
    Removing timers.o(i.xTimerIsTimerActive), (80 bytes).
    Removing timers.o(i.xTimerPendFunctionCall), (104 bytes).
    Removing timers.o(i.xTimerPendFunctionCallFromISR), (40 bytes).
    Removing timers.o(.bss), (40 bytes).
    Removing timers.o(.data), (20 bytes).
    Removing port.o(.rev16_text), (4 bytes).
    Removing port.o(.revsh_text), (4 bytes).
    Removing port.o(i.prvTaskExitError), (100 bytes).
    Removing port.o(i.pxPortInitialiseStack), (44 bytes).
    Removing port.o(i.vPortEndScheduler), (88 bytes).
    Removing port.o(i.vPortEnterCritical), (120 bytes).
    Removing port.o(i.vPortExitCritical), (100 bytes).
    Removing port.o(i.vPortSetupTimerInterrupt), (32 bytes).
    Removing port.o(i.vPortValidateInterruptPriority), (140 bytes).
    Removing port.o(i.xPortStartScheduler), (276 bytes).
    Removing port.o(.data), (12 bytes).
    Removing heap_4.o(.rev16_text), (4 bytes).
    Removing heap_4.o(.revsh_text), (4 bytes).
    Removing heap_4.o(i.prvHeapInit), (76 bytes).
    Removing heap_4.o(i.prvInsertBlockIntoFreeList), (76 bytes).
    Removing heap_4.o(i.pvPortMalloc), (276 bytes).
    Removing heap_4.o(i.vPortFree), (156 bytes).
    Removing heap_4.o(i.vPortInitialiseBlocks), (2 bytes).
    Removing heap_4.o(i.xPortGetFreeHeapSize), (12 bytes).
    Removing heap_4.o(i.xPortGetMinimumEverFreeHeapSize), (12 bytes).
    Removing heap_4.o(.bss), (20480 bytes).
    Removing heap_4.o(.data), (24 bytes).

502 unused section(s) (total 43892 bytes) removed from the image.

==============================================================================

Image Symbol Table

    Local Symbols

    Symbol Name                              Value     Ov Type        Size  Object(Section)

    ../clib/angel/boardlib.s                 0x00000000   Number         0  boardinit1.o ABSOLUTE
    ../clib/angel/boardlib.s                 0x00000000   Number         0  boardinit2.o ABSOLUTE
    ../clib/angel/boardlib.s                 0x00000000   Number         0  boardinit3.o ABSOLUTE
    ../clib/angel/boardlib.s                 0x00000000   Number         0  boardshut.o ABSOLUTE
    ../clib/angel/handlers.s                 0x00000000   Number         0  __scatter_copy.o ABSOLUTE
    ../clib/angel/handlers.s                 0x00000000   Number         0  __scatter_zi.o ABSOLUTE
    ../clib/angel/kernel.s                   0x00000000   Number         0  __rtentry4.o ABSOLUTE
    ../clib/angel/kernel.s                   0x00000000   Number         0  rtexit2.o ABSOLUTE
    ../clib/angel/kernel.s                   0x00000000   Number         0  rtexit.o ABSOLUTE
    ../clib/angel/kernel.s                   0x00000000   Number         0  __rtentry.o ABSOLUTE
    ../clib/angel/kernel.s                   0x00000000   Number         0  __rtentry2.o ABSOLUTE
    ../clib/angel/rt.s                       0x00000000   Number         0  rt_raise.o ABSOLUTE
    ../clib/angel/scatter.s                  0x00000000   Number         0  __scatter.o ABSOLUTE
    ../clib/angel/startup.s                  0x00000000   Number         0  __main.o ABSOLUTE
    ../clib/angel/sys.s                      0x00000000   Number         0  indicate_semi.o ABSOLUTE
    ../clib/angel/sys.s                      0x00000000   Number         0  libspace.o ABSOLUTE
    ../clib/angel/sys.s                      0x00000000   Number         0  sys_stackheap_outer.o ABSOLUTE
    ../clib/angel/sys.s                      0x00000000   Number         0  use_no_semi_2.o ABSOLUTE
    ../clib/angel/sys.s                      0x00000000   Number         0  use_no_semi.o ABSOLUTE
    ../clib/angel/sysapp.c                   0x00000000   Number         0  sys_wrch.o ABSOLUTE
    ../clib/angel/sysapp.c                   0x00000000   Number         0  sys_command.o ABSOLUTE
    ../clib/armsys.c                         0x00000000   Number         0  _get_argv_nomalloc.o ABSOLUTE
    ../clib/armsys.c                         0x00000000   Number         0  argv_veneer.o ABSOLUTE
    ../clib/armsys.c                         0x00000000   Number         0  argv_veneer.o ABSOLUTE
    ../clib/armsys.c                         0x00000000   Number         0  no_argv.o ABSOLUTE
    ../clib/heapalloc.c                      0x00000000   Number         0  hrguard.o ABSOLUTE
    ../clib/heapaux.c                        0x00000000   Number         0  heapauxi.o ABSOLUTE
    ../clib/libinit.s                        0x00000000   Number         0  libshutdown2.o ABSOLUTE
    ../clib/libinit.s                        0x00000000   Number         0  libinit2.o ABSOLUTE
    ../clib/libinit.s                        0x00000000   Number         0  libshutdown.o ABSOLUTE
    ../clib/libinit.s                        0x00000000   Number         0  libinit.o ABSOLUTE
    ../clib/memcpset.s                       0x00000000   Number         0  rt_memclr_w.o ABSOLUTE
    ../clib/memcpset.s                       0x00000000   Number         0  rt_memclr.o ABSOLUTE
    ../clib/memcpset.s                       0x00000000   Number         0  rt_memcpy_w.o ABSOLUTE
    ../clib/memcpset.s                       0x00000000   Number         0  rt_memcpy_v6.o ABSOLUTE
    ../clib/memcpset.s                       0x00000000   Number         0  aeabi_memset.o ABSOLUTE
    ../clib/printf.c                         0x00000000   Number         0  _printf_char_common.o ABSOLUTE
    ../clib/printf.c                         0x00000000   Number         0  _printf_char.o ABSOLUTE
    ../clib/printf.c                         0x00000000   Number         0  _printf_char_file.o ABSOLUTE
    ../clib/printf.c                         0x00000000   Number         0  __printf_nopercent.o ABSOLUTE
    ../clib/printf.c                         0x00000000   Number         0  __printf_flags.o ABSOLUTE
    ../clib/printf.c                         0x00000000   Number         0  __2printf.o ABSOLUTE
    ../clib/printf.c                         0x00000000   Number         0  __2sprintf.o ABSOLUTE
    ../clib/printf.c                         0x00000000   Number         0  noretval__2printf.o ABSOLUTE
    ../clib/printf.c                         0x00000000   Number         0  noretval__2sprintf.o ABSOLUTE
    ../clib/printf.c                         0x00000000   Number         0  __printf.o ABSOLUTE
    ../clib/printf.c                         0x00000000   Number         0  _printf_str.o ABSOLUTE
    ../clib/printf.c                         0x00000000   Number         0  _printf_dec.o ABSOLUTE
    ../clib/printf.c                         0x00000000   Number         0  _sputc.o ABSOLUTE
    ../clib/printf.c                         0x00000000   Number         0  __printf_ss.o ABSOLUTE
    ../clib/printf.c                         0x00000000   Number         0  __printf_flags_ss.o ABSOLUTE
    ../clib/printf.c                         0x00000000   Number         0  __printf_wp.o ABSOLUTE
    ../clib/printf.c                         0x00000000   Number         0  __printf_flags_wp.o ABSOLUTE
    ../clib/printf.c                         0x00000000   Number         0  __printf_ss_wp.o ABSOLUTE
    ../clib/printf.c                         0x00000000   Number         0  __printf_flags_ss_wp.o ABSOLUTE
    ../clib/printf.c                         0x00000000   Number         0  _printf_intcommon.o ABSOLUTE
    ../clib/printf_percent.s                 0x00000000   Number         0  _printf_u.o ABSOLUTE
    ../clib/printf_percent.s                 0x00000000   Number         0  _printf_d.o ABSOLUTE
    ../clib/printf_percent.s                 0x00000000   Number         0  _printf_percent_end.o ABSOLUTE
    ../clib/printf_percent.s                 0x00000000   Number         0  _printf_c.o ABSOLUTE
    ../clib/printf_percent.s                 0x00000000   Number         0  _printf_s.o ABSOLUTE
    ../clib/printf_percent.s                 0x00000000   Number         0  _printf_percent.o ABSOLUTE
    ../clib/signal.c                         0x00000000   Number         0  defsig_abrt_inner.o ABSOLUTE
    ../clib/signal.c                         0x00000000   Number         0  defsig_segv_inner.o ABSOLUTE
    ../clib/signal.c                         0x00000000   Number         0  defsig_general.o ABSOLUTE
    ../clib/signal.c                         0x00000000   Number         0  __raise.o ABSOLUTE
    ../clib/signal.c                         0x00000000   Number         0  defsig_rtmem_inner.o ABSOLUTE
    ../clib/signal.c                         0x00000000   Number         0  defsig_exit.o ABSOLUTE
    ../clib/signal.c                         0x00000000   Number         0  defsig_cppl_inner.o ABSOLUTE
    ../clib/signal.c                         0x00000000   Number         0  defsig_pvfn_inner.o ABSOLUTE
    ../clib/signal.c                         0x00000000   Number         0  defsig_stak_inner.o ABSOLUTE
    ../clib/signal.c                         0x00000000   Number         0  defsig_rtred_inner.o ABSOLUTE
    ../clib/signal.c                         0x00000000   Number         0  defsig_fpe_inner.o ABSOLUTE
    ../clib/signal.c                         0x00000000   Number         0  defsig_rtmem_formal.o ABSOLUTE
    ../clib/signal.c                         0x00000000   Number         0  defsig_rtmem_outer.o ABSOLUTE
    ../clib/signal.c                         0x00000000   Number         0  defsig_other.o ABSOLUTE
    ../clib/signal.s                         0x00000000   Number         0  defsig.o ABSOLUTE
    ../clib/stdio.c                          0x00000000   Number         0  ferror.o ABSOLUTE
    ../clib/stdio.c                          0x00000000   Number         0  ferror_locked.o ABSOLUTE
    ../clib/stdlib.c                         0x00000000   Number         0  exit.o ABSOLUTE
    ../clib/string.c                         0x00000000   Number         0  strcpy.o ABSOLUTE
    ../clib/string.c                         0x00000000   Number         0  strlen.o ABSOLUTE
    ../fplib/d2f.s                           0x00000000   Number         0  d2f.o ABSOLUTE
    ../fplib/daddsub.s                       0x00000000   Number         0  daddsub_clz.o ABSOLUTE
    ../fplib/ddiv.s                          0x00000000   Number         0  ddiv.o ABSOLUTE
    ../fplib/dflt.s                          0x00000000   Number         0  dflt_clz.o ABSOLUTE
    ../fplib/dnaninf.s                       0x00000000   Number         0  dnaninf.o ABSOLUTE
    ../fplib/dretinf.s                       0x00000000   Number         0  dretinf.o ABSOLUTE
    ../fplib/f2d.s                           0x00000000   Number         0  f2d.o ABSOLUTE
    ../fplib/fnaninf.s                       0x00000000   Number         0  fnaninf.o ABSOLUTE
    ../fplib/fpinit.s                        0x00000000   Number         0  fpinit.o ABSOLUTE
    ../fplib/fretinf.s                       0x00000000   Number         0  fretinf.o ABSOLUTE
    ../fplib/usenofp.s                       0x00000000   Number         0  usenofp.o ABSOLUTE
    ..\CORE\startup_stm32f40_41xxx.s         0x00000000   Number         0  startup_stm32f40_41xxx.o ABSOLUTE
    ..\FWLIB\src\misc.c                      0x00000000   Number         0  misc.o ABSOLUTE
    ..\FWLIB\src\stm32f4xx_gpio.c            0x00000000   Number         0  stm32f4xx_gpio.o ABSOLUTE
    ..\FWLIB\src\stm32f4xx_rcc.c             0x00000000   Number         0  stm32f4xx_rcc.o ABSOLUTE
    ..\FWLIB\src\stm32f4xx_spi.c             0x00000000   Number         0  stm32f4xx_spi.o ABSOLUTE
    ..\FWLIB\src\stm32f4xx_syscfg.c          0x00000000   Number         0  stm32f4xx_syscfg.o ABSOLUTE
    ..\FWLIB\src\stm32f4xx_tim.c             0x00000000   Number         0  stm32f4xx_tim.o ABSOLUTE
    ..\FWLIB\src\stm32f4xx_usart.c           0x00000000   Number         0  stm32f4xx_usart.o ABSOLUTE
    ..\FreeRTOS\croutine.c                   0x00000000   Number         0  croutine.o ABSOLUTE
    ..\FreeRTOS\event_groups.c               0x00000000   Number         0  event_groups.o ABSOLUTE
    ..\FreeRTOS\list.c                       0x00000000   Number         0  list.o ABSOLUTE
    ..\FreeRTOS\portable\MemMang\heap_4.c    0x00000000   Number         0  heap_4.o ABSOLUTE
    ..\FreeRTOS\portable\RVDS\ARM_CM4F\port.c 0x00000000   Number         0  port.o ABSOLUTE
    ..\FreeRTOS\queue.c                      0x00000000   Number         0  queue.o ABSOLUTE
    ..\FreeRTOS\tasks.c                      0x00000000   Number         0  tasks.o ABSOLUTE
    ..\FreeRTOS\timers.c                     0x00000000   Number         0  timers.o ABSOLUTE
    ..\HARDWARE\8814\8814\nau881x.c          0x00000000   Number         0  nau881x.o ABSOLUTE
    ..\HARDWARE\LED\led.c                    0x00000000   Number         0  led.o ABSOLUTE
    ..\HARDWARE\SPI\spi.c                    0x00000000   Number         0  spi.o ABSOLUTE
    ..\HARDWARE\TIMER\timer.c                0x00000000   Number         0  timer.o ABSOLUTE
    ..\SYSTEM\delay\delay.c                  0x00000000   Number         0  delay.o ABSOLUTE
    ..\SYSTEM\sys\sys.c                      0x00000000   Number         0  sys.o ABSOLUTE
    ..\SYSTEM\usart\usart.c                  0x00000000   Number         0  usart.o ABSOLUTE
    ..\\FWLIB\\src\\misc.c                   0x00000000   Number         0  misc.o ABSOLUTE
    ..\\FWLIB\\src\\stm32f4xx_gpio.c         0x00000000   Number         0  stm32f4xx_gpio.o ABSOLUTE
    ..\\FWLIB\\src\\stm32f4xx_rcc.c          0x00000000   Number         0  stm32f4xx_rcc.o ABSOLUTE
    ..\\FWLIB\\src\\stm32f4xx_spi.c          0x00000000   Number         0  stm32f4xx_spi.o ABSOLUTE
    ..\\FWLIB\\src\\stm32f4xx_syscfg.c       0x00000000   Number         0  stm32f4xx_syscfg.o ABSOLUTE
    ..\\FWLIB\\src\\stm32f4xx_tim.c          0x00000000   Number         0  stm32f4xx_tim.o ABSOLUTE
    ..\\FWLIB\\src\\stm32f4xx_usart.c        0x00000000   Number         0  stm32f4xx_usart.o ABSOLUTE
    ..\\FreeRTOS\\croutine.c                 0x00000000   Number         0  croutine.o ABSOLUTE
    ..\\FreeRTOS\\event_groups.c             0x00000000   Number         0  event_groups.o ABSOLUTE
    ..\\FreeRTOS\\list.c                     0x00000000   Number         0  list.o ABSOLUTE
    ..\\FreeRTOS\\portable\\MemMang\\heap_4.c 0x00000000   Number         0  heap_4.o ABSOLUTE
    ..\\FreeRTOS\\portable\\RVDS\\ARM_CM4F\\port.c 0x00000000   Number         0  port.o ABSOLUTE
    ..\\FreeRTOS\\queue.c                    0x00000000   Number         0  queue.o ABSOLUTE
    ..\\FreeRTOS\\tasks.c                    0x00000000   Number         0  tasks.o ABSOLUTE
    ..\\FreeRTOS\\timers.c                   0x00000000   Number         0  timers.o ABSOLUTE
    ..\\HARDWARE\\8814\\8814\\nau881x.c      0x00000000   Number         0  nau881x.o ABSOLUTE
    ..\\HARDWARE\\LED\\led.c                 0x00000000   Number         0  led.o ABSOLUTE
    ..\\HARDWARE\\SPI\\spi.c                 0x00000000   Number         0  spi.o ABSOLUTE
    ..\\HARDWARE\\TIMER\\timer.c             0x00000000   Number         0  timer.o ABSOLUTE
    ..\\SYSTEM\\delay\\delay.c               0x00000000   Number         0  delay.o ABSOLUTE
    ..\\SYSTEM\\sys\\sys.c                   0x00000000   Number         0  sys.o ABSOLUTE
    ..\\SYSTEM\\usart\\usart.c               0x00000000   Number         0  usart.o ABSOLUTE
    dc.s                                     0x00000000   Number         0  dc.o ABSOLUTE
    main.c                                   0x00000000   Number         0  main.o ABSOLUTE
    main.c                                   0x00000000   Number         0  main.o ABSOLUTE
    stm32f4xx_it.c                           0x00000000   Number         0  stm32f4xx_it.o ABSOLUTE
    stm32f4xx_it.c                           0x00000000   Number         0  stm32f4xx_it.o ABSOLUTE
    system_stm32f4xx.c                       0x00000000   Number         0  system_stm32f4xx.o ABSOLUTE
    system_stm32f4xx.c                       0x00000000   Number         0  system_stm32f4xx.o ABSOLUTE
    RESET                                    0x08000000   Section      392  startup_stm32f40_41xxx.o(RESET)
    !!!main                                  0x08000188   Section        8  __main.o(!!!main)
    !!!scatter                               0x08000190   Section       52  __scatter.o(!!!scatter)
    !!handler_copy                           0x080001c4   Section       26  __scatter_copy.o(!!handler_copy)
    !!handler_zi                             0x080001e0   Section       28  __scatter_zi.o(!!handler_zi)
    .ARM.Collect$$_printf_percent$$00000000  0x080001fc   Section        0  _printf_percent.o(.ARM.Collect$$_printf_percent$$00000000)
    .ARM.Collect$$_printf_percent$$00000009  0x080001fc   Section        6  _printf_d.o(.ARM.Collect$$_printf_percent$$00000009)
    .ARM.Collect$$_printf_percent$$00000014  0x08000202   Section        6  _printf_s.o(.ARM.Collect$$_printf_percent$$00000014)
    .ARM.Collect$$_printf_percent$$00000017  0x08000208   Section        4  _printf_percent_end.o(.ARM.Collect$$_printf_percent$$00000017)
    .ARM.Collect$$libinit$$00000000          0x0800020c   Section        2  libinit.o(.ARM.Collect$$libinit$$00000000)
    .ARM.Collect$$libinit$$00000001          0x0800020e   Section        4  libinit2.o(.ARM.Collect$$libinit$$00000001)
    .ARM.Collect$$libinit$$00000004          0x08000212   Section        0  libinit2.o(.ARM.Collect$$libinit$$00000004)
    .ARM.Collect$$libinit$$0000000A          0x08000212   Section        0  libinit2.o(.ARM.Collect$$libinit$$0000000A)
    .ARM.Collect$$libinit$$0000000C          0x08000212   Section        0  libinit2.o(.ARM.Collect$$libinit$$0000000C)
    .ARM.Collect$$libinit$$0000000E          0x08000212   Section        0  libinit2.o(.ARM.Collect$$libinit$$0000000E)
    .ARM.Collect$$libinit$$00000011          0x08000212   Section        0  libinit2.o(.ARM.Collect$$libinit$$00000011)
    .ARM.Collect$$libinit$$00000013          0x08000212   Section        0  libinit2.o(.ARM.Collect$$libinit$$00000013)
    .ARM.Collect$$libinit$$00000015          0x08000212   Section        0  libinit2.o(.ARM.Collect$$libinit$$00000015)
    .ARM.Collect$$libinit$$00000017          0x08000212   Section        0  libinit2.o(.ARM.Collect$$libinit$$00000017)
    .ARM.Collect$$libinit$$00000019          0x08000212   Section        0  libinit2.o(.ARM.Collect$$libinit$$00000019)
    .ARM.Collect$$libinit$$0000001B          0x08000212   Section        0  libinit2.o(.ARM.Collect$$libinit$$0000001B)
    .ARM.Collect$$libinit$$0000001D          0x08000212   Section        0  libinit2.o(.ARM.Collect$$libinit$$0000001D)
    .ARM.Collect$$libinit$$0000001F          0x08000212   Section        0  libinit2.o(.ARM.Collect$$libinit$$0000001F)
    .ARM.Collect$$libinit$$00000021          0x08000212   Section        0  libinit2.o(.ARM.Collect$$libinit$$00000021)
    .ARM.Collect$$libinit$$00000023          0x08000212   Section        0  libinit2.o(.ARM.Collect$$libinit$$00000023)
    .ARM.Collect$$libinit$$00000025          0x08000212   Section        0  libinit2.o(.ARM.Collect$$libinit$$00000025)
    .ARM.Collect$$libinit$$0000002C          0x08000212   Section        0  libinit2.o(.ARM.Collect$$libinit$$0000002C)
    .ARM.Collect$$libinit$$0000002E          0x08000212   Section        0  libinit2.o(.ARM.Collect$$libinit$$0000002E)
    .ARM.Collect$$libinit$$00000030          0x08000212   Section        0  libinit2.o(.ARM.Collect$$libinit$$00000030)
    .ARM.Collect$$libinit$$00000032          0x08000212   Section        0  libinit2.o(.ARM.Collect$$libinit$$00000032)
    .ARM.Collect$$libinit$$00000033          0x08000212   Section        2  libinit2.o(.ARM.Collect$$libinit$$00000033)
    .ARM.Collect$$libshutdown$$00000000      0x08000214   Section        2  libshutdown.o(.ARM.Collect$$libshutdown$$00000000)
    .ARM.Collect$$libshutdown$$00000002      0x08000216   Section        0  libshutdown2.o(.ARM.Collect$$libshutdown$$00000002)
    .ARM.Collect$$libshutdown$$00000004      0x08000216   Section        0  libshutdown2.o(.ARM.Collect$$libshutdown$$00000004)
    .ARM.Collect$$libshutdown$$00000007      0x08000216   Section        0  libshutdown2.o(.ARM.Collect$$libshutdown$$00000007)
    .ARM.Collect$$libshutdown$$0000000A      0x08000216   Section        0  libshutdown2.o(.ARM.Collect$$libshutdown$$0000000A)
    .ARM.Collect$$libshutdown$$0000000C      0x08000216   Section        0  libshutdown2.o(.ARM.Collect$$libshutdown$$0000000C)
    .ARM.Collect$$libshutdown$$0000000F      0x08000216   Section        0  libshutdown2.o(.ARM.Collect$$libshutdown$$0000000F)
    .ARM.Collect$$libshutdown$$00000010      0x08000216   Section        2  libshutdown2.o(.ARM.Collect$$libshutdown$$00000010)
    .ARM.Collect$$rtentry$$00000000          0x08000218   Section        0  __rtentry.o(.ARM.Collect$$rtentry$$00000000)
    .ARM.Collect$$rtentry$$00000002          0x08000218   Section        0  __rtentry2.o(.ARM.Collect$$rtentry$$00000002)
    .ARM.Collect$$rtentry$$00000004          0x08000218   Section        6  __rtentry4.o(.ARM.Collect$$rtentry$$00000004)
    .ARM.Collect$$rtentry$$00000009          0x0800021e   Section        0  __rtentry2.o(.ARM.Collect$$rtentry$$00000009)
    .ARM.Collect$$rtentry$$0000000A          0x0800021e   Section        4  __rtentry2.o(.ARM.Collect$$rtentry$$0000000A)
    .ARM.Collect$$rtentry$$0000000C          0x08000222   Section        0  __rtentry2.o(.ARM.Collect$$rtentry$$0000000C)
    .ARM.Collect$$rtentry$$0000000D          0x08000222   Section        8  __rtentry2.o(.ARM.Collect$$rtentry$$0000000D)
    .ARM.Collect$$rtexit$$00000000           0x0800022a   Section        2  rtexit.o(.ARM.Collect$$rtexit$$00000000)
    .ARM.Collect$$rtexit$$00000002           0x0800022c   Section        0  rtexit2.o(.ARM.Collect$$rtexit$$00000002)
    .ARM.Collect$$rtexit$$00000003           0x0800022c   Section        4  rtexit2.o(.ARM.Collect$$rtexit$$00000003)
    .ARM.Collect$$rtexit$$00000004           0x08000230   Section        6  rtexit2.o(.ARM.Collect$$rtexit$$00000004)
    .emb_text                                0x08000238   Section      182  port.o(.emb_text)
    $v0                                      0x08000238   Number         0  port.o(.emb_text)
    .text                                    0x080002f0   Section       64  startup_stm32f40_41xxx.o(.text)
    $v0                                      0x080002f0   Number         0  startup_stm32f40_41xxx.o(.text)
    .text                                    0x08000330   Section        2  use_no_semi_2.o(.text)
    .text                                    0x08000334   Section        0  noretval__2printf.o(.text)
    .text                                    0x0800034c   Section        0  __printf.o(.text)
    .text                                    0x080003b4   Section        0  _printf_str.o(.text)
    .text                                    0x08000408   Section        0  _printf_dec.o(.text)
    .text                                    0x08000480   Section        0  heapauxi.o(.text)
    .text                                    0x08000486   Section        2  use_no_semi.o(.text)
    .text                                    0x08000488   Section        0  _printf_intcommon.o(.text)
    .text                                    0x0800053c   Section        0  _printf_char_common.o(.text)
    _printf_input_char                       0x0800053d   Thumb Code    10  _printf_char_common.o(.text)
    .text                                    0x0800056c   Section        0  _printf_char.o(.text)
    .text                                    0x08000598   Section        0  _printf_char_file.o(.text)
    .text                                    0x080005bc   Section        0  ferror.o(.text)
    .text                                    0x080005c4   Section       74  sys_stackheap_outer.o(.text)
    .text                                    0x0800060e   Section        0  exit.o(.text)
    .text                                    0x08000620   Section        8  libspace.o(.text)
    i.BusFault_Handler                       0x08000628   Section        0  stm32f4xx_it.o(i.BusFault_Handler)
    i.DebugMon_Handler                       0x0800062a   Section        0  stm32f4xx_it.o(i.DebugMon_Handler)
    i.GPIO_Init                              0x0800062c   Section        0  stm32f4xx_gpio.o(i.GPIO_Init)
    i.GPIO_PinAFConfig                       0x080006a4   Section        0  stm32f4xx_gpio.o(i.GPIO_PinAFConfig)
    i.GPIO_SetBits                           0x080006c4   Section        0  stm32f4xx_gpio.o(i.GPIO_SetBits)
    i.HardFault_Handler                      0x080006c8   Section        0  stm32f4xx_it.o(i.HardFault_Handler)
    i.LED_Init                               0x080006cc   Section        0  led.o(i.LED_Init)
    i.MemManage_Handler                      0x08000708   Section        0  stm32f4xx_it.o(i.MemManage_Handler)
    i.NMI_Handler                            0x0800070a   Section        0  stm32f4xx_it.o(i.NMI_Handler)
    i.NVIC_Init                              0x0800070c   Section        0  misc.o(i.NVIC_Init)
    i.NVIC_PriorityGroupConfig               0x08000770   Section        0  misc.o(i.NVIC_PriorityGroupConfig)
    i.RCC_AHB1PeriphClockCmd                 0x08000784   Section        0  stm32f4xx_rcc.o(i.RCC_AHB1PeriphClockCmd)
    i.RCC_APB2PeriphClockCmd                 0x0800079c   Section        0  stm32f4xx_rcc.o(i.RCC_APB2PeriphClockCmd)
    i.RCC_GetClocksFreq                      0x080007b4   Section        0  stm32f4xx_rcc.o(i.RCC_GetClocksFreq)
    i.SetSysClock                            0x08000844   Section        0  system_stm32f4xx.o(i.SetSysClock)
    SetSysClock                              0x08000845   Thumb Code   162  system_stm32f4xx.o(i.SetSysClock)
    i.SysTick_CLKSourceConfig                0x080008f8   Section        0  misc.o(i.SysTick_CLKSourceConfig)
    i.SysTick_Handler                        0x08000910   Section        0  delay.o(i.SysTick_Handler)
    i.SystemInit                             0x08000924   Section        0  system_stm32f4xx.o(i.SystemInit)
    i.TIM2_IRQHandler                        0x08000980   Section        0  timer.o(i.TIM2_IRQHandler)
    i.TIM_ClearITPendingBit                  0x080009a4   Section        0  stm32f4xx_tim.o(i.TIM_ClearITPendingBit)
    i.TIM_GetITStatus                        0x080009aa   Section        0  stm32f4xx_tim.o(i.TIM_GetITStatus)
    i.UART1_Init                             0x080009c4   Section        0  usart.o(i.UART1_Init)
    i.USART1_IRQHandler                      0x08000a70   Section        0  usart.o(i.USART1_IRQHandler)
    i.USART_Cmd                              0x08000aac   Section        0  stm32f4xx_usart.o(i.USART_Cmd)
    i.USART_GetITStatus                      0x08000ac0   Section        0  stm32f4xx_usart.o(i.USART_GetITStatus)
    i.USART_ITConfig                         0x08000afe   Section        0  stm32f4xx_usart.o(i.USART_ITConfig)
    i.USART_Init                             0x08000b30   Section        0  stm32f4xx_usart.o(i.USART_Init)
    i.USART_ReceiveData                      0x08000bdc   Section        0  stm32f4xx_usart.o(i.USART_ReceiveData)
    i.UsageFault_Handler                     0x08000be4   Section        0  stm32f4xx_it.o(i.UsageFault_Handler)
    i._sys_exit                              0x08000be6   Section        0  usart.o(i._sys_exit)
    i.delay_init                             0x08000be8   Section        0  delay.o(i.delay_init)
    i.fputc                                  0x08000c20   Section        0  usart.o(i.fputc)
    i.main                                   0x08000c34   Section        0  main.o(i.main)
    i.prvResetNextTaskUnblockTime            0x08000c50   Section        0  tasks.o(i.prvResetNextTaskUnblockTime)
    prvResetNextTaskUnblockTime              0x08000c51   Thumb Code    26  tasks.o(i.prvResetNextTaskUnblockTime)
    i.uxListRemove                           0x08000c70   Section        0  list.o(i.uxListRemove)
    i.vListInsertEnd                         0x08000c94   Section        0  list.o(i.vListInsertEnd)
    i.vTaskSwitchContext                     0x08000cac   Section        0  tasks.o(i.vTaskSwitchContext)
    i.xPortSysTickHandler                    0x08000d28   Section        0  port.o(i.xPortSysTickHandler)
    i.xTaskGetSchedulerState                 0x08000d54   Section        0  tasks.o(i.xTaskGetSchedulerState)
    i.xTaskIncrementTick                     0x08000d70   Section        0  tasks.o(i.xTaskIncrementTick)
    x$fpl$fpinit                             0x08000e58   Section       10  fpinit.o(x$fpl$fpinit)
    $v0                                      0x08000e58   Number         0  fpinit.o(x$fpl$fpinit)
    .data                                    0x20000000   Section        1  timer.o(.data)
    .data                                    0x20000002   Section        4  delay.o(.data)
    fac_us                                   0x20000002   Data           1  delay.o(.data)
    fac_ms                                   0x20000004   Data           2  delay.o(.data)
    .data                                    0x20000008   Section        4  usart.o(.data)
    .data                                    0x2000000c   Section        4  usart.o(.data)
    .data                                    0x20000010   Section       16  stm32f4xx_rcc.o(.data)
    APBAHBPrescTable                         0x20000010   Data          16  stm32f4xx_rcc.o(.data)
    .data                                    0x20000020   Section       60  tasks.o(.data)
    uxDeletedTasksWaitingCleanUp             0x20000024   Data           4  tasks.o(.data)
    uxCurrentNumberOfTasks                   0x20000028   Data           4  tasks.o(.data)
    xTickCount                               0x2000002c   Data           4  tasks.o(.data)
    uxTopReadyPriority                       0x20000030   Data           4  tasks.o(.data)
    xSchedulerRunning                        0x20000034   Data           4  tasks.o(.data)
    uxPendedTicks                            0x20000038   Data           4  tasks.o(.data)
    xYieldPending                            0x2000003c   Data           4  tasks.o(.data)
    xNumOfOverflows                          0x20000040   Data           4  tasks.o(.data)
    uxTaskNumber                             0x20000044   Data           4  tasks.o(.data)
    xNextTaskUnblockTime                     0x20000048   Data           4  tasks.o(.data)
    xIdleTaskHandle                          0x2000004c   Data           4  tasks.o(.data)
    uxSchedulerSuspended                     0x20000050   Data           4  tasks.o(.data)
    pxDelayedTaskList                        0x20000054   Data           4  tasks.o(.data)
    pxOverflowDelayedTaskList                0x20000058   Data           4  tasks.o(.data)
    .bss                                     0x2000005c   Section     1024  usart.o(.bss)
    .bss                                     0x2000045c   Section      740  tasks.o(.bss)
    pxReadyTasksLists                        0x2000045c   Data         640  tasks.o(.bss)
    xDelayedTaskList1                        0x200006dc   Data          20  tasks.o(.bss)
    xDelayedTaskList2                        0x200006f0   Data          20  tasks.o(.bss)
    xPendingReadyList                        0x20000704   Data          20  tasks.o(.bss)
    xTasksWaitingTermination                 0x20000718   Data          20  tasks.o(.bss)
    xSuspendedTaskList                       0x2000072c   Data          20  tasks.o(.bss)
    .bss                                     0x20000740   Section       96  libspace.o(.bss)
    HEAP                                     0x200007a0   Section      512  startup_stm32f40_41xxx.o(HEAP)
    Heap_Mem                                 0x200007a0   Data         512  startup_stm32f40_41xxx.o(HEAP)
    STACK                                    0x200009a0   Section     1024  startup_stm32f40_41xxx.o(STACK)
    Stack_Mem                                0x200009a0   Data        1024  startup_stm32f40_41xxx.o(STACK)
    __initial_sp                             0x20000da0   Data           0  startup_stm32f40_41xxx.o(STACK)

    Global Symbols

    Symbol Name                              Value     Ov Type        Size  Object(Section)

    BuildAttributes$$THM_ISAv4$E$P$D$K$B$S$7EM$VFPi3$EXTD16$VFPS$VFMA$PE$A:L22UL41UL21$X:L11$S22US41US21$IEEE1$IW$USESV6$~STKCKD$USESV7$~SHL$OSPACE$ROPI$EBA8$UX$STANDARDLIB$REQ8$PRES8$EABIv2 0x00000000   Number         0  anon$$obj.o ABSOLUTE
    __ARM_use_no_argv                        0x00000000   Number         0  main.o ABSOLUTE
    __ARM_exceptions_init                     - Undefined Weak Reference
    __alloca_initialize                       - Undefined Weak Reference
    __arm_preinit_                            - Undefined Weak Reference
    __cpp_initialize__aeabi_                  - Undefined Weak Reference
    __cxa_finalize                            - Undefined Weak Reference
    __rt_locale                               - Undefined Weak Reference
    __sigvec_lookup                           - Undefined Weak Reference
    _atexit_init                              - Undefined Weak Reference
    _call_atexit_fns                          - Undefined Weak Reference
    _clock_init                               - Undefined Weak Reference
    _fp_trap_init                             - Undefined Weak Reference
    _fp_trap_shutdown                         - Undefined Weak Reference
    _get_lc_collate                           - Undefined Weak Reference
    _get_lc_ctype                             - Undefined Weak Reference
    _get_lc_monetary                          - Undefined Weak Reference
    _get_lc_numeric                           - Undefined Weak Reference
    _get_lc_time                              - Undefined Weak Reference
    _getenv_init                              - Undefined Weak Reference
    _handle_redirection                       - Undefined Weak Reference
    _init_alloc                               - Undefined Weak Reference
    _init_user_alloc                          - Undefined Weak Reference
    _initio                                   - Undefined Weak Reference
    _mutex_acquire                            - Undefined Weak Reference
    _mutex_release                            - Undefined Weak Reference
    _printf_mbtowc                            - Undefined Weak Reference
    _printf_post_padding                      - Undefined Weak Reference
    _printf_pre_padding                       - Undefined Weak Reference
    _printf_truncate_signed                   - Undefined Weak Reference
    _printf_truncate_unsigned                 - Undefined Weak Reference
    _rand_init                                - Undefined Weak Reference
    _signal_finish                            - Undefined Weak Reference
    _signal_init                              - Undefined Weak Reference
    _terminate_alloc                          - Undefined Weak Reference
    _terminate_user_alloc                     - Undefined Weak Reference
    _terminateio                              - Undefined Weak Reference
    __Vectors_Size                           0x00000188   Number         0  startup_stm32f40_41xxx.o ABSOLUTE
    __Vectors                                0x08000000   Data           4  startup_stm32f40_41xxx.o(RESET)
    __Vectors_End                            0x08000188   Data           0  startup_stm32f40_41xxx.o(RESET)
    __main                                   0x08000189   Thumb Code     8  __main.o(!!!main)
    __scatterload                            0x08000191   Thumb Code     0  __scatter.o(!!!scatter)
    __scatterload_rt2                        0x08000191   Thumb Code    44  __scatter.o(!!!scatter)
    __scatterload_rt2_thumb_only             0x08000191   Thumb Code     0  __scatter.o(!!!scatter)
    __scatterload_null                       0x0800019f   Thumb Code     0  __scatter.o(!!!scatter)
    __scatterload_copy                       0x080001c5   Thumb Code    26  __scatter_copy.o(!!handler_copy)
    __scatterload_zeroinit                   0x080001e1   Thumb Code    28  __scatter_zi.o(!!handler_zi)
    _printf_d                                0x080001fd   Thumb Code     0  _printf_d.o(.ARM.Collect$$_printf_percent$$00000009)
    _printf_percent                          0x080001fd   Thumb Code     0  _printf_percent.o(.ARM.Collect$$_printf_percent$$00000000)
    _printf_s                                0x08000203   Thumb Code     0  _printf_s.o(.ARM.Collect$$_printf_percent$$00000014)
    _printf_percent_end                      0x08000209   Thumb Code     0  _printf_percent_end.o(.ARM.Collect$$_printf_percent$$00000017)
    __rt_lib_init                            0x0800020d   Thumb Code     0  libinit.o(.ARM.Collect$$libinit$$00000000)
    __rt_lib_init_fp_1                       0x0800020f   Thumb Code     0  libinit2.o(.ARM.Collect$$libinit$$00000001)
    __rt_lib_init_alloca_1                   0x08000213   Thumb Code     0  libinit2.o(.ARM.Collect$$libinit$$0000002E)
    __rt_lib_init_argv_1                     0x08000213   Thumb Code     0  libinit2.o(.ARM.Collect$$libinit$$0000002C)
    __rt_lib_init_atexit_1                   0x08000213   Thumb Code     0  libinit2.o(.ARM.Collect$$libinit$$0000001B)
    __rt_lib_init_clock_1                    0x08000213   Thumb Code     0  libinit2.o(.ARM.Collect$$libinit$$00000021)
    __rt_lib_init_cpp_1                      0x08000213   Thumb Code     0  libinit2.o(.ARM.Collect$$libinit$$00000032)
    __rt_lib_init_exceptions_1               0x08000213   Thumb Code     0  libinit2.o(.ARM.Collect$$libinit$$00000030)
    __rt_lib_init_fp_trap_1                  0x08000213   Thumb Code     0  libinit2.o(.ARM.Collect$$libinit$$0000001F)
    __rt_lib_init_getenv_1                   0x08000213   Thumb Code     0  libinit2.o(.ARM.Collect$$libinit$$00000023)
    __rt_lib_init_heap_1                     0x08000213   Thumb Code     0  libinit2.o(.ARM.Collect$$libinit$$0000000A)
    __rt_lib_init_lc_collate_1               0x08000213   Thumb Code     0  libinit2.o(.ARM.Collect$$libinit$$00000011)
    __rt_lib_init_lc_ctype_1                 0x08000213   Thumb Code     0  libinit2.o(.ARM.Collect$$libinit$$00000013)
    __rt_lib_init_lc_monetary_1              0x08000213   Thumb Code     0  libinit2.o(.ARM.Collect$$libinit$$00000015)
    __rt_lib_init_lc_numeric_1               0x08000213   Thumb Code     0  libinit2.o(.ARM.Collect$$libinit$$00000017)
    __rt_lib_init_lc_time_1                  0x08000213   Thumb Code     0  libinit2.o(.ARM.Collect$$libinit$$00000019)
    __rt_lib_init_preinit_1                  0x08000213   Thumb Code     0  libinit2.o(.ARM.Collect$$libinit$$00000004)
    __rt_lib_init_rand_1                     0x08000213   Thumb Code     0  libinit2.o(.ARM.Collect$$libinit$$0000000E)
    __rt_lib_init_return                     0x08000213   Thumb Code     0  libinit2.o(.ARM.Collect$$libinit$$00000033)
    __rt_lib_init_signal_1                   0x08000213   Thumb Code     0  libinit2.o(.ARM.Collect$$libinit$$0000001D)
    __rt_lib_init_stdio_1                    0x08000213   Thumb Code     0  libinit2.o(.ARM.Collect$$libinit$$00000025)
    __rt_lib_init_user_alloc_1               0x08000213   Thumb Code     0  libinit2.o(.ARM.Collect$$libinit$$0000000C)
    __rt_lib_shutdown                        0x08000215   Thumb Code     0  libshutdown.o(.ARM.Collect$$libshutdown$$00000000)
    __rt_lib_shutdown_cpp_1                  0x08000217   Thumb Code     0  libshutdown2.o(.ARM.Collect$$libshutdown$$00000002)
    __rt_lib_shutdown_fp_trap_1              0x08000217   Thumb Code     0  libshutdown2.o(.ARM.Collect$$libshutdown$$00000007)
    __rt_lib_shutdown_heap_1                 0x08000217   Thumb Code     0  libshutdown2.o(.ARM.Collect$$libshutdown$$0000000F)
    __rt_lib_shutdown_return                 0x08000217   Thumb Code     0  libshutdown2.o(.ARM.Collect$$libshutdown$$00000010)
    __rt_lib_shutdown_signal_1               0x08000217   Thumb Code     0  libshutdown2.o(.ARM.Collect$$libshutdown$$0000000A)
    __rt_lib_shutdown_stdio_1                0x08000217   Thumb Code     0  libshutdown2.o(.ARM.Collect$$libshutdown$$00000004)
    __rt_lib_shutdown_user_alloc_1           0x08000217   Thumb Code     0  libshutdown2.o(.ARM.Collect$$libshutdown$$0000000C)
    __rt_entry                               0x08000219   Thumb Code     0  __rtentry.o(.ARM.Collect$$rtentry$$00000000)
    __rt_entry_presh_1                       0x08000219   Thumb Code     0  __rtentry2.o(.ARM.Collect$$rtentry$$00000002)
    __rt_entry_sh                            0x08000219   Thumb Code     0  __rtentry4.o(.ARM.Collect$$rtentry$$00000004)
    __rt_entry_li                            0x0800021f   Thumb Code     0  __rtentry2.o(.ARM.Collect$$rtentry$$0000000A)
    __rt_entry_postsh_1                      0x0800021f   Thumb Code     0  __rtentry2.o(.ARM.Collect$$rtentry$$00000009)
    __rt_entry_main                          0x08000223   Thumb Code     0  __rtentry2.o(.ARM.Collect$$rtentry$$0000000D)
    __rt_entry_postli_1                      0x08000223   Thumb Code     0  __rtentry2.o(.ARM.Collect$$rtentry$$0000000C)
    __rt_exit                                0x0800022b   Thumb Code     0  rtexit.o(.ARM.Collect$$rtexit$$00000000)
    __rt_exit_ls                             0x0800022d   Thumb Code     0  rtexit2.o(.ARM.Collect$$rtexit$$00000003)
    __rt_exit_prels_1                        0x0800022d   Thumb Code     0  rtexit2.o(.ARM.Collect$$rtexit$$00000002)
    __rt_exit_exit                           0x08000231   Thumb Code     0  rtexit2.o(.ARM.Collect$$rtexit$$00000004)
    SVC_Handler                              0x08000239   Thumb Code    28  port.o(.emb_text)
    __asm___6_port_c_39a90d8d__prvStartFirstTask 0x08000259   Thumb Code    28  port.o(.emb_text)
    __asm___6_port_c_39a90d8d__prvEnableVFP  0x08000279   Thumb Code    16  port.o(.emb_text)
    PendSV_Handler                           0x0800028d   Thumb Code    88  port.o(.emb_text)
    vPortGetIPSR                             0x080002e9   Thumb Code     6  port.o(.emb_text)
    Reset_Handler                            0x080002f1   Thumb Code     8  startup_stm32f40_41xxx.o(.text)
    ADC_IRQHandler                           0x0800030b   Thumb Code     0  startup_stm32f40_41xxx.o(.text)
    CAN1_RX0_IRQHandler                      0x0800030b   Thumb Code     0  startup_stm32f40_41xxx.o(.text)
    CAN1_RX1_IRQHandler                      0x0800030b   Thumb Code     0  startup_stm32f40_41xxx.o(.text)
    CAN1_SCE_IRQHandler                      0x0800030b   Thumb Code     0  startup_stm32f40_41xxx.o(.text)
    CAN1_TX_IRQHandler                       0x0800030b   Thumb Code     0  startup_stm32f40_41xxx.o(.text)
    CAN2_RX0_IRQHandler                      0x0800030b   Thumb Code     0  startup_stm32f40_41xxx.o(.text)
    CAN2_RX1_IRQHandler                      0x0800030b   Thumb Code     0  startup_stm32f40_41xxx.o(.text)
    CAN2_SCE_IRQHandler                      0x0800030b   Thumb Code     0  startup_stm32f40_41xxx.o(.text)
    CAN2_TX_IRQHandler                       0x0800030b   Thumb Code     0  startup_stm32f40_41xxx.o(.text)
    CRYP_IRQHandler                          0x0800030b   Thumb Code     0  startup_stm32f40_41xxx.o(.text)
    DCMI_IRQHandler                          0x0800030b   Thumb Code     0  startup_stm32f40_41xxx.o(.text)
    DMA1_Stream0_IRQHandler                  0x0800030b   Thumb Code     0  startup_stm32f40_41xxx.o(.text)
    DMA1_Stream1_IRQHandler                  0x0800030b   Thumb Code     0  startup_stm32f40_41xxx.o(.text)
    DMA1_Stream2_IRQHandler                  0x0800030b   Thumb Code     0  startup_stm32f40_41xxx.o(.text)
    DMA1_Stream3_IRQHandler                  0x0800030b   Thumb Code     0  startup_stm32f40_41xxx.o(.text)
    DMA1_Stream4_IRQHandler                  0x0800030b   Thumb Code     0  startup_stm32f40_41xxx.o(.text)
    DMA1_Stream5_IRQHandler                  0x0800030b   Thumb Code     0  startup_stm32f40_41xxx.o(.text)
    DMA1_Stream6_IRQHandler                  0x0800030b   Thumb Code     0  startup_stm32f40_41xxx.o(.text)
    DMA1_Stream7_IRQHandler                  0x0800030b   Thumb Code     0  startup_stm32f40_41xxx.o(.text)
    DMA2_Stream0_IRQHandler                  0x0800030b   Thumb Code     0  startup_stm32f40_41xxx.o(.text)
    DMA2_Stream1_IRQHandler                  0x0800030b   Thumb Code     0  startup_stm32f40_41xxx.o(.text)
    DMA2_Stream2_IRQHandler                  0x0800030b   Thumb Code     0  startup_stm32f40_41xxx.o(.text)
    DMA2_Stream3_IRQHandler                  0x0800030b   Thumb Code     0  startup_stm32f40_41xxx.o(.text)
    DMA2_Stream4_IRQHandler                  0x0800030b   Thumb Code     0  startup_stm32f40_41xxx.o(.text)
    DMA2_Stream5_IRQHandler                  0x0800030b   Thumb Code     0  startup_stm32f40_41xxx.o(.text)
    DMA2_Stream6_IRQHandler                  0x0800030b   Thumb Code     0  startup_stm32f40_41xxx.o(.text)
    DMA2_Stream7_IRQHandler                  0x0800030b   Thumb Code     0  startup_stm32f40_41xxx.o(.text)
    ETH_IRQHandler                           0x0800030b   Thumb Code     0  startup_stm32f40_41xxx.o(.text)
    ETH_WKUP_IRQHandler                      0x0800030b   Thumb Code     0  startup_stm32f40_41xxx.o(.text)
    EXTI0_IRQHandler                         0x0800030b   Thumb Code     0  startup_stm32f40_41xxx.o(.text)
    EXTI15_10_IRQHandler                     0x0800030b   Thumb Code     0  startup_stm32f40_41xxx.o(.text)
    EXTI1_IRQHandler                         0x0800030b   Thumb Code     0  startup_stm32f40_41xxx.o(.text)
    EXTI2_IRQHandler                         0x0800030b   Thumb Code     0  startup_stm32f40_41xxx.o(.text)
    EXTI3_IRQHandler                         0x0800030b   Thumb Code     0  startup_stm32f40_41xxx.o(.text)
    EXTI4_IRQHandler                         0x0800030b   Thumb Code     0  startup_stm32f40_41xxx.o(.text)
    EXTI9_5_IRQHandler                       0x0800030b   Thumb Code     0  startup_stm32f40_41xxx.o(.text)
    FLASH_IRQHandler                         0x0800030b   Thumb Code     0  startup_stm32f40_41xxx.o(.text)
    FPU_IRQHandler                           0x0800030b   Thumb Code     0  startup_stm32f40_41xxx.o(.text)
    FSMC_IRQHandler                          0x0800030b   Thumb Code     0  startup_stm32f40_41xxx.o(.text)
    HASH_RNG_IRQHandler                      0x0800030b   Thumb Code     0  startup_stm32f40_41xxx.o(.text)
    I2C1_ER_IRQHandler                       0x0800030b   Thumb Code     0  startup_stm32f40_41xxx.o(.text)
    I2C1_EV_IRQHandler                       0x0800030b   Thumb Code     0  startup_stm32f40_41xxx.o(.text)
    I2C2_ER_IRQHandler                       0x0800030b   Thumb Code     0  startup_stm32f40_41xxx.o(.text)
    I2C2_EV_IRQHandler                       0x0800030b   Thumb Code     0  startup_stm32f40_41xxx.o(.text)
    I2C3_ER_IRQHandler                       0x0800030b   Thumb Code     0  startup_stm32f40_41xxx.o(.text)
    I2C3_EV_IRQHandler                       0x0800030b   Thumb Code     0  startup_stm32f40_41xxx.o(.text)
    OTG_FS_IRQHandler                        0x0800030b   Thumb Code     0  startup_stm32f40_41xxx.o(.text)
    OTG_FS_WKUP_IRQHandler                   0x0800030b   Thumb Code     0  startup_stm32f40_41xxx.o(.text)
    OTG_HS_EP1_IN_IRQHandler                 0x0800030b   Thumb Code     0  startup_stm32f40_41xxx.o(.text)
    OTG_HS_EP1_OUT_IRQHandler                0x0800030b   Thumb Code     0  startup_stm32f40_41xxx.o(.text)
    OTG_HS_IRQHandler                        0x0800030b   Thumb Code     0  startup_stm32f40_41xxx.o(.text)
    OTG_HS_WKUP_IRQHandler                   0x0800030b   Thumb Code     0  startup_stm32f40_41xxx.o(.text)
    PVD_IRQHandler                           0x0800030b   Thumb Code     0  startup_stm32f40_41xxx.o(.text)
    RCC_IRQHandler                           0x0800030b   Thumb Code     0  startup_stm32f40_41xxx.o(.text)
    RTC_Alarm_IRQHandler                     0x0800030b   Thumb Code     0  startup_stm32f40_41xxx.o(.text)
    RTC_WKUP_IRQHandler                      0x0800030b   Thumb Code     0  startup_stm32f40_41xxx.o(.text)
    SDIO_IRQHandler                          0x0800030b   Thumb Code     0  startup_stm32f40_41xxx.o(.text)
    SPI1_IRQHandler                          0x0800030b   Thumb Code     0  startup_stm32f40_41xxx.o(.text)
    SPI2_IRQHandler                          0x0800030b   Thumb Code     0  startup_stm32f40_41xxx.o(.text)
    SPI3_IRQHandler                          0x0800030b   Thumb Code     0  startup_stm32f40_41xxx.o(.text)
    TAMP_STAMP_IRQHandler                    0x0800030b   Thumb Code     0  startup_stm32f40_41xxx.o(.text)
    TIM1_BRK_TIM9_IRQHandler                 0x0800030b   Thumb Code     0  startup_stm32f40_41xxx.o(.text)
    TIM1_CC_IRQHandler                       0x0800030b   Thumb Code     0  startup_stm32f40_41xxx.o(.text)
    TIM1_TRG_COM_TIM11_IRQHandler            0x0800030b   Thumb Code     0  startup_stm32f40_41xxx.o(.text)
    TIM1_UP_TIM10_IRQHandler                 0x0800030b   Thumb Code     0  startup_stm32f40_41xxx.o(.text)
    TIM3_IRQHandler                          0x0800030b   Thumb Code     0  startup_stm32f40_41xxx.o(.text)
    TIM4_IRQHandler                          0x0800030b   Thumb Code     0  startup_stm32f40_41xxx.o(.text)
    TIM5_IRQHandler                          0x0800030b   Thumb Code     0  startup_stm32f40_41xxx.o(.text)
    TIM6_DAC_IRQHandler                      0x0800030b   Thumb Code     0  startup_stm32f40_41xxx.o(.text)
    TIM7_IRQHandler                          0x0800030b   Thumb Code     0  startup_stm32f40_41xxx.o(.text)
    TIM8_BRK_TIM12_IRQHandler                0x0800030b   Thumb Code     0  startup_stm32f40_41xxx.o(.text)
    TIM8_CC_IRQHandler                       0x0800030b   Thumb Code     0  startup_stm32f40_41xxx.o(.text)
    TIM8_TRG_COM_TIM14_IRQHandler            0x0800030b   Thumb Code     0  startup_stm32f40_41xxx.o(.text)
    TIM8_UP_TIM13_IRQHandler                 0x0800030b   Thumb Code     0  startup_stm32f40_41xxx.o(.text)
    UART4_IRQHandler                         0x0800030b   Thumb Code     0  startup_stm32f40_41xxx.o(.text)
    UART5_IRQHandler                         0x0800030b   Thumb Code     0  startup_stm32f40_41xxx.o(.text)
    USART2_IRQHandler                        0x0800030b   Thumb Code     0  startup_stm32f40_41xxx.o(.text)
    USART3_IRQHandler                        0x0800030b   Thumb Code     0  startup_stm32f40_41xxx.o(.text)
    USART6_IRQHandler                        0x0800030b   Thumb Code     0  startup_stm32f40_41xxx.o(.text)
    WWDG_IRQHandler                          0x0800030b   Thumb Code     0  startup_stm32f40_41xxx.o(.text)
    __user_initial_stackheap                 0x0800030d   Thumb Code     0  startup_stm32f40_41xxx.o(.text)
    __use_no_semihosting                     0x08000331   Thumb Code     2  use_no_semi_2.o(.text)
    __2printf                                0x08000335   Thumb Code    20  noretval__2printf.o(.text)
    __printf                                 0x0800034d   Thumb Code   104  __printf.o(.text)
    _printf_str                              0x080003b5   Thumb Code    82  _printf_str.o(.text)
    _printf_int_dec                          0x08000409   Thumb Code   104  _printf_dec.o(.text)
    __use_two_region_memory                  0x08000481   Thumb Code     2  heapauxi.o(.text)
    __rt_heap_escrow$2region                 0x08000483   Thumb Code     2  heapauxi.o(.text)
    __rt_heap_expand$2region                 0x08000485   Thumb Code     2  heapauxi.o(.text)
    __I$use$semihosting                      0x08000487   Thumb Code     0  use_no_semi.o(.text)
    __use_no_semihosting_swi                 0x08000487   Thumb Code     2  use_no_semi.o(.text)
    _printf_int_common                       0x08000489   Thumb Code   178  _printf_intcommon.o(.text)
    _printf_char_common                      0x08000547   Thumb Code    32  _printf_char_common.o(.text)
    _printf_cs_common                        0x0800056d   Thumb Code    20  _printf_char.o(.text)
    _printf_char                             0x08000581   Thumb Code    16  _printf_char.o(.text)
    _printf_string                           0x08000591   Thumb Code     8  _printf_char.o(.text)
    _printf_char_file                        0x08000599   Thumb Code    32  _printf_char_file.o(.text)
    ferror                                   0x080005bd   Thumb Code     8  ferror.o(.text)
    __user_setup_stackheap                   0x080005c5   Thumb Code    74  sys_stackheap_outer.o(.text)
    exit                                     0x0800060f   Thumb Code    18  exit.o(.text)
    __user_libspace                          0x08000621   Thumb Code     8  libspace.o(.text)
    __user_perproc_libspace                  0x08000621   Thumb Code     0  libspace.o(.text)
    __user_perthread_libspace                0x08000621   Thumb Code     0  libspace.o(.text)
    BusFault_Handler                         0x08000629   Thumb Code     2  stm32f4xx_it.o(i.BusFault_Handler)
    DebugMon_Handler                         0x0800062b   Thumb Code     2  stm32f4xx_it.o(i.DebugMon_Handler)
    GPIO_Init                                0x0800062d   Thumb Code   120  stm32f4xx_gpio.o(i.GPIO_Init)
    GPIO_PinAFConfig                         0x080006a5   Thumb Code    32  stm32f4xx_gpio.o(i.GPIO_PinAFConfig)
    GPIO_SetBits                             0x080006c5   Thumb Code     4  stm32f4xx_gpio.o(i.GPIO_SetBits)
    HardFault_Handler                        0x080006c9   Thumb Code     2  stm32f4xx_it.o(i.HardFault_Handler)
    LED_Init                                 0x080006cd   Thumb Code    56  led.o(i.LED_Init)
    MemManage_Handler                        0x08000709   Thumb Code     2  stm32f4xx_it.o(i.MemManage_Handler)
    NMI_Handler                              0x0800070b   Thumb Code     2  stm32f4xx_it.o(i.NMI_Handler)
    NVIC_Init                                0x0800070d   Thumb Code    96  misc.o(i.NVIC_Init)
    NVIC_PriorityGroupConfig                 0x08000771   Thumb Code    10  misc.o(i.NVIC_PriorityGroupConfig)
    RCC_AHB1PeriphClockCmd                   0x08000785   Thumb Code    18  stm32f4xx_rcc.o(i.RCC_AHB1PeriphClockCmd)
    RCC_APB2PeriphClockCmd                   0x0800079d   Thumb Code    18  stm32f4xx_rcc.o(i.RCC_APB2PeriphClockCmd)
    RCC_GetClocksFreq                        0x080007b5   Thumb Code   132  stm32f4xx_rcc.o(i.RCC_GetClocksFreq)
    SysTick_CLKSourceConfig                  0x080008f9   Thumb Code    24  misc.o(i.SysTick_CLKSourceConfig)
    SysTick_Handler                          0x08000911   Thumb Code    20  delay.o(i.SysTick_Handler)
    SystemInit                               0x08000925   Thumb Code    74  system_stm32f4xx.o(i.SystemInit)
    TIM2_IRQHandler                          0x08000981   Thumb Code    32  timer.o(i.TIM2_IRQHandler)
    TIM_ClearITPendingBit                    0x080009a5   Thumb Code     6  stm32f4xx_tim.o(i.TIM_ClearITPendingBit)
    TIM_GetITStatus                          0x080009ab   Thumb Code    24  stm32f4xx_tim.o(i.TIM_GetITStatus)
    UART1_Init                               0x080009c5   Thumb Code   164  usart.o(i.UART1_Init)
    USART1_IRQHandler                        0x08000a71   Thumb Code    48  usart.o(i.USART1_IRQHandler)
    USART_Cmd                                0x08000aad   Thumb Code    20  stm32f4xx_usart.o(i.USART_Cmd)
    USART_GetITStatus                        0x08000ac1   Thumb Code    62  stm32f4xx_usart.o(i.USART_GetITStatus)
    USART_ITConfig                           0x08000aff   Thumb Code    48  stm32f4xx_usart.o(i.USART_ITConfig)
    USART_Init                               0x08000b31   Thumb Code   164  stm32f4xx_usart.o(i.USART_Init)
    USART_ReceiveData                        0x08000bdd   Thumb Code     8  stm32f4xx_usart.o(i.USART_ReceiveData)
    UsageFault_Handler                       0x08000be5   Thumb Code     2  stm32f4xx_it.o(i.UsageFault_Handler)
    _sys_exit                                0x08000be7   Thumb Code     2  usart.o(i._sys_exit)
    delay_init                               0x08000be9   Thumb Code    50  delay.o(i.delay_init)
    fputc                                    0x08000c21   Thumb Code    14  usart.o(i.fputc)
    main                                     0x08000c35   Thumb Code    28  main.o(i.main)
    uxListRemove                             0x08000c71   Thumb Code    36  list.o(i.uxListRemove)
    vListInsertEnd                           0x08000c95   Thumb Code    24  list.o(i.vListInsertEnd)
    vTaskSwitchContext                       0x08000cad   Thumb Code    80  tasks.o(i.vTaskSwitchContext)
    xPortSysTickHandler                      0x08000d29   Thumb Code    38  port.o(i.xPortSysTickHandler)
    xTaskGetSchedulerState                   0x08000d55   Thumb Code    22  tasks.o(i.xTaskGetSchedulerState)
    xTaskIncrementTick                       0x08000d71   Thumb Code   188  tasks.o(i.xTaskIncrementTick)
    _fp_init                                 0x08000e59   Thumb Code    10  fpinit.o(x$fpl$fpinit)
    __fplib_config_fpu_vfp                   0x08000e61   Thumb Code     0  fpinit.o(x$fpl$fpinit)
    __fplib_config_pureend_doubles           0x08000e61   Thumb Code     0  fpinit.o(x$fpl$fpinit)
    Region$$Table$$Base                      0x08000e64   Number         0  anon$$obj.o(Region$$Table)
    Region$$Table$$Limit                     0x08000e84   Number         0  anon$$obj.o(Region$$Table)
    Timer5msFlag                             0x20000000   Data           1  timer.o(.data)
    USART1_RX_CNT                            0x20000008   Data           4  usart.o(.data)
    __stdout                                 0x2000000c   Data           4  usart.o(.data)
    pxCurrentTCB                             0x20000020   Data           4  tasks.o(.data)
    USART1_RX_BUF                            0x2000005c   Data        1024  usart.o(.bss)
    __libspace_start                         0x20000740   Data          96  libspace.o(.bss)
    __temporary_stack_top$libspace           0x200007a0   Data           0  libspace.o(.bss)



==============================================================================

Memory Map of the image

  Image Entry point : 0x08000189

  Load Region LR_IROM1 (Base: 0x08000000, Size: 0x00000ee0, Max: 0x00100000, ABSOLUTE)

    Execution Region ER_IROM1 (Exec base: 0x08000000, Load base: 0x08000000, Size: 0x00000e84, Max: 0x00100000, ABSOLUTE)

    Exec Addr    Load Addr    Size         Type   Attr      Idx    E Section Name        Object

    0x08000000   0x08000000   0x00000188   Data   RO         1025    RESET               startup_stm32f40_41xxx.o
    0x08000188   0x08000188   0x00000008   Code   RO         3550  * !!!main             c_w.l(__main.o)
    0x08000190   0x08000190   0x00000034   Code   RO         3757    !!!scatter          c_w.l(__scatter.o)
    0x080001c4   0x080001c4   0x0000001a   Code   RO         3759    !!handler_copy      c_w.l(__scatter_copy.o)
    0x080001de   0x080001de   0x00000002   PAD
    0x080001e0   0x080001e0   0x0000001c   Code   RO         3761    !!handler_zi        c_w.l(__scatter_zi.o)
    0x080001fc   0x080001fc   0x00000000   Code   RO         3539    .ARM.Collect$$_printf_percent$$00000000  c_w.l(_printf_percent.o)
    0x080001fc   0x080001fc   0x00000006   Code   RO         3537    .ARM.Collect$$_printf_percent$$00000009  c_w.l(_printf_d.o)
    0x08000202   0x08000202   0x00000006   Code   RO         3536    .ARM.Collect$$_printf_percent$$00000014  c_w.l(_printf_s.o)
    0x08000208   0x08000208   0x00000004   Code   RO         3585    .ARM.Collect$$_printf_percent$$00000017  c_w.l(_printf_percent_end.o)
    0x0800020c   0x0800020c   0x00000002   Code   RO         3631    .ARM.Collect$$libinit$$00000000  c_w.l(libinit.o)
    0x0800020e   0x0800020e   0x00000004   Code   RO         3637    .ARM.Collect$$libinit$$00000001  c_w.l(libinit2.o)
    0x08000212   0x08000212   0x00000000   Code   RO         3640    .ARM.Collect$$libinit$$00000004  c_w.l(libinit2.o)
    0x08000212   0x08000212   0x00000000   Code   RO         3643    .ARM.Collect$$libinit$$0000000A  c_w.l(libinit2.o)
    0x08000212   0x08000212   0x00000000   Code   RO         3645    .ARM.Collect$$libinit$$0000000C  c_w.l(libinit2.o)
    0x08000212   0x08000212   0x00000000   Code   RO         3647    .ARM.Collect$$libinit$$0000000E  c_w.l(libinit2.o)
    0x08000212   0x08000212   0x00000000   Code   RO         3650    .ARM.Collect$$libinit$$00000011  c_w.l(libinit2.o)
    0x08000212   0x08000212   0x00000000   Code   RO         3652    .ARM.Collect$$libinit$$00000013  c_w.l(libinit2.o)
    0x08000212   0x08000212   0x00000000   Code   RO         3654    .ARM.Collect$$libinit$$00000015  c_w.l(libinit2.o)
    0x08000212   0x08000212   0x00000000   Code   RO         3656    .ARM.Collect$$libinit$$00000017  c_w.l(libinit2.o)
    0x08000212   0x08000212   0x00000000   Code   RO         3658    .ARM.Collect$$libinit$$00000019  c_w.l(libinit2.o)
    0x08000212   0x08000212   0x00000000   Code   RO         3660    .ARM.Collect$$libinit$$0000001B  c_w.l(libinit2.o)
    0x08000212   0x08000212   0x00000000   Code   RO         3662    .ARM.Collect$$libinit$$0000001D  c_w.l(libinit2.o)
    0x08000212   0x08000212   0x00000000   Code   RO         3664    .ARM.Collect$$libinit$$0000001F  c_w.l(libinit2.o)
    0x08000212   0x08000212   0x00000000   Code   RO         3666    .ARM.Collect$$libinit$$00000021  c_w.l(libinit2.o)
    0x08000212   0x08000212   0x00000000   Code   RO         3668    .ARM.Collect$$libinit$$00000023  c_w.l(libinit2.o)
    0x08000212   0x08000212   0x00000000   Code   RO         3670    .ARM.Collect$$libinit$$00000025  c_w.l(libinit2.o)
    0x08000212   0x08000212   0x00000000   Code   RO         3674    .ARM.Collect$$libinit$$0000002C  c_w.l(libinit2.o)
    0x08000212   0x08000212   0x00000000   Code   RO         3676    .ARM.Collect$$libinit$$0000002E  c_w.l(libinit2.o)
    0x08000212   0x08000212   0x00000000   Code   RO         3678    .ARM.Collect$$libinit$$00000030  c_w.l(libinit2.o)
    0x08000212   0x08000212   0x00000000   Code   RO         3680    .ARM.Collect$$libinit$$00000032  c_w.l(libinit2.o)
    0x08000212   0x08000212   0x00000002   Code   RO         3681    .ARM.Collect$$libinit$$00000033  c_w.l(libinit2.o)
    0x08000214   0x08000214   0x00000002   Code   RO         3699    .ARM.Collect$$libshutdown$$00000000  c_w.l(libshutdown.o)
    0x08000216   0x08000216   0x00000000   Code   RO         3709    .ARM.Collect$$libshutdown$$00000002  c_w.l(libshutdown2.o)
    0x08000216   0x08000216   0x00000000   Code   RO         3711    .ARM.Collect$$libshutdown$$00000004  c_w.l(libshutdown2.o)
    0x08000216   0x08000216   0x00000000   Code   RO         3714    .ARM.Collect$$libshutdown$$00000007  c_w.l(libshutdown2.o)
    0x08000216   0x08000216   0x00000000   Code   RO         3717    .ARM.Collect$$libshutdown$$0000000A  c_w.l(libshutdown2.o)
    0x08000216   0x08000216   0x00000000   Code   RO         3719    .ARM.Collect$$libshutdown$$0000000C  c_w.l(libshutdown2.o)
    0x08000216   0x08000216   0x00000000   Code   RO         3722    .ARM.Collect$$libshutdown$$0000000F  c_w.l(libshutdown2.o)
    0x08000216   0x08000216   0x00000002   Code   RO         3723    .ARM.Collect$$libshutdown$$00000010  c_w.l(libshutdown2.o)
    0x08000218   0x08000218   0x00000000   Code   RO         3574    .ARM.Collect$$rtentry$$00000000  c_w.l(__rtentry.o)
    0x08000218   0x08000218   0x00000000   Code   RO         3600    .ARM.Collect$$rtentry$$00000002  c_w.l(__rtentry2.o)
    0x08000218   0x08000218   0x00000006   Code   RO         3612    .ARM.Collect$$rtentry$$00000004  c_w.l(__rtentry4.o)
    0x0800021e   0x0800021e   0x00000000   Code   RO         3602    .ARM.Collect$$rtentry$$00000009  c_w.l(__rtentry2.o)
    0x0800021e   0x0800021e   0x00000004   Code   RO         3603    .ARM.Collect$$rtentry$$0000000A  c_w.l(__rtentry2.o)
    0x08000222   0x08000222   0x00000000   Code   RO         3605    .ARM.Collect$$rtentry$$0000000C  c_w.l(__rtentry2.o)
    0x08000222   0x08000222   0x00000008   Code   RO         3606    .ARM.Collect$$rtentry$$0000000D  c_w.l(__rtentry2.o)
    0x0800022a   0x0800022a   0x00000002   Code   RO         3635    .ARM.Collect$$rtexit$$00000000  c_w.l(rtexit.o)
    0x0800022c   0x0800022c   0x00000000   Code   RO         3683    .ARM.Collect$$rtexit$$00000002  c_w.l(rtexit2.o)
    0x0800022c   0x0800022c   0x00000004   Code   RO         3684    .ARM.Collect$$rtexit$$00000003  c_w.l(rtexit2.o)
    0x08000230   0x08000230   0x00000006   Code   RO         3685    .ARM.Collect$$rtexit$$00000004  c_w.l(rtexit2.o)
    0x08000236   0x08000236   0x00000002   PAD
    0x08000238   0x08000238   0x000000b6   Code   RO         3357    .emb_text           port.o
    0x080002ee   0x080002ee   0x00000002   PAD
    0x080002f0   0x080002f0   0x00000040   Code   RO         1026    .text               startup_stm32f40_41xxx.o
    0x08000330   0x08000330   0x00000002   Code   RO         3499    .text               c_w.l(use_no_semi_2.o)
    0x08000332   0x08000332   0x00000002   PAD
    0x08000334   0x08000334   0x00000018   Code   RO         3505    .text               c_w.l(noretval__2printf.o)
    0x0800034c   0x0800034c   0x00000068   Code   RO         3509    .text               c_w.l(__printf.o)
    0x080003b4   0x080003b4   0x00000052   Code   RO         3511    .text               c_w.l(_printf_str.o)
    0x08000406   0x08000406   0x00000002   PAD
    0x08000408   0x08000408   0x00000078   Code   RO         3513    .text               c_w.l(_printf_dec.o)
    0x08000480   0x08000480   0x00000006   Code   RO         3548    .text               c_w.l(heapauxi.o)
    0x08000486   0x08000486   0x00000002   Code   RO         3572    .text               c_w.l(use_no_semi.o)
    0x08000488   0x08000488   0x000000b2   Code   RO         3575    .text               c_w.l(_printf_intcommon.o)
    0x0800053a   0x0800053a   0x00000002   PAD
    0x0800053c   0x0800053c   0x00000030   Code   RO         3577    .text               c_w.l(_printf_char_common.o)
    0x0800056c   0x0800056c   0x0000002c   Code   RO         3581    .text               c_w.l(_printf_char.o)
    0x08000598   0x08000598   0x00000024   Code   RO         3583    .text               c_w.l(_printf_char_file.o)
    0x080005bc   0x080005bc   0x00000008   Code   RO         3616    .text               c_w.l(ferror.o)
    0x080005c4   0x080005c4   0x0000004a   Code   RO         3622    .text               c_w.l(sys_stackheap_outer.o)
    0x0800060e   0x0800060e   0x00000012   Code   RO         3624    .text               c_w.l(exit.o)
    0x08000620   0x08000620   0x00000008   Code   RO         3632    .text               c_w.l(libspace.o)
    0x08000628   0x08000628   0x00000002   Code   RO          193    i.BusFault_Handler  stm32f4xx_it.o
    0x0800062a   0x0800062a   0x00000002   Code   RO          194    i.DebugMon_Handler  stm32f4xx_it.o
    0x0800062c   0x0800062c   0x00000078   Code   RO         1077    i.GPIO_Init         stm32f4xx_gpio.o
    0x080006a4   0x080006a4   0x00000020   Code   RO         1078    i.GPIO_PinAFConfig  stm32f4xx_gpio.o
    0x080006c4   0x080006c4   0x00000004   Code   RO         1085    i.GPIO_SetBits      stm32f4xx_gpio.o
    0x080006c8   0x080006c8   0x00000002   Code   RO          195    i.HardFault_Handler  stm32f4xx_it.o
    0x080006ca   0x080006ca   0x00000002   PAD
    0x080006cc   0x080006cc   0x0000003c   Code   RO          309    i.LED_Init          led.o
    0x08000708   0x08000708   0x00000002   Code   RO          196    i.MemManage_Handler  stm32f4xx_it.o
    0x0800070a   0x0800070a   0x00000002   Code   RO          197    i.NMI_Handler       stm32f4xx_it.o
    0x0800070c   0x0800070c   0x00000064   Code   RO         1032    i.NVIC_Init         misc.o
    0x08000770   0x08000770   0x00000014   Code   RO         1033    i.NVIC_PriorityGroupConfig  misc.o
    0x08000784   0x08000784   0x00000018   Code   RO         1174    i.RCC_AHB1PeriphClockCmd  stm32f4xx_rcc.o
    0x0800079c   0x0800079c   0x00000018   Code   RO         1186    i.RCC_APB2PeriphClockCmd  stm32f4xx_rcc.o
    0x080007b4   0x080007b4   0x00000090   Code   RO         1195    i.RCC_GetClocksFreq  stm32f4xx_rcc.o
    0x08000844   0x08000844   0x000000b4   Code   RO          272    i.SetSysClock       system_stm32f4xx.o
    0x080008f8   0x080008f8   0x00000018   Code   RO         1036    i.SysTick_CLKSourceConfig  misc.o
    0x08000910   0x08000910   0x00000014   Code   RO          891    i.SysTick_Handler   delay.o
    0x08000924   0x08000924   0x0000005c   Code   RO          274    i.SystemInit        system_stm32f4xx.o
    0x08000980   0x08000980   0x00000024   Code   RO          329    i.TIM2_IRQHandler   timer.o
    0x080009a4   0x080009a4   0x00000006   Code   RO         1761    i.TIM_ClearITPendingBit  stm32f4xx_tim.o
    0x080009aa   0x080009aa   0x00000018   Code   RO         1787    i.TIM_GetITStatus   stm32f4xx_tim.o
    0x080009c2   0x080009c2   0x00000002   PAD
    0x080009c4   0x080009c4   0x000000ac   Code   RO          955    i.UART1_Init        usart.o
    0x08000a70   0x08000a70   0x0000003c   Code   RO          956    i.USART1_IRQHandler  usart.o
    0x08000aac   0x08000aac   0x00000014   Code   RO         1568    i.USART_Cmd         stm32f4xx_usart.o
    0x08000ac0   0x08000ac0   0x0000003e   Code   RO         1572    i.USART_GetITStatus  stm32f4xx_usart.o
    0x08000afe   0x08000afe   0x00000030   Code   RO         1574    i.USART_ITConfig    stm32f4xx_usart.o
    0x08000b2e   0x08000b2e   0x00000002   PAD
    0x08000b30   0x08000b30   0x000000ac   Code   RO         1575    i.USART_Init        stm32f4xx_usart.o
    0x08000bdc   0x08000bdc   0x00000008   Code   RO         1582    i.USART_ReceiveData  stm32f4xx_usart.o
    0x08000be4   0x08000be4   0x00000002   Code   RO          198    i.UsageFault_Handler  stm32f4xx_it.o
    0x08000be6   0x08000be6   0x00000002   Code   RO          959    i._sys_exit         usart.o
    0x08000be8   0x08000be8   0x00000038   Code   RO          892    i.delay_init        delay.o
    0x08000c20   0x08000c20   0x00000014   Code   RO          960    i.fputc             usart.o
    0x08000c34   0x08000c34   0x0000001c   Code   RO            3    i.main              main.o
    0x08000c50   0x08000c50   0x00000020   Code   RO         2883    i.prvResetNextTaskUnblockTime  tasks.o
    0x08000c70   0x08000c70   0x00000024   Code   RO         2605    i.uxListRemove      list.o
    0x08000c94   0x08000c94   0x00000018   Code   RO         2609    i.vListInsertEnd    list.o
    0x08000cac   0x08000cac   0x0000007c   Code   RO         2912    i.vTaskSwitchContext  tasks.o
    0x08000d28   0x08000d28   0x0000002c   Code   RO         3366    i.xPortSysTickHandler  port.o
    0x08000d54   0x08000d54   0x0000001c   Code   RO         2918    i.xTaskGetSchedulerState  tasks.o
    0x08000d70   0x08000d70   0x000000e8   Code   RO         2921    i.xTaskIncrementTick  tasks.o
    0x08000e58   0x08000e58   0x0000000a   Code   RO         3691    x$fpl$fpinit        fz_wm.l(fpinit.o)
    0x08000e62   0x08000e62   0x00000002   PAD
    0x08000e64   0x08000e64   0x00000020   Data   RO         3755    Region$$Table       anon$$obj.o


    Execution Region RW_IRAM1 (Exec base: 0x20000000, Load base: 0x08000e84, Size: 0x00000da0, Max: 0x00020000, ABSOLUTE)

    Exec Addr    Load Addr    Size         Type   Attr      Idx    E Section Name        Object

    0x20000000   0x08000e84   0x00000001   Data   RW          331    .data               timer.o
    0x20000001   0x08000e85   0x00000001   PAD
    0x20000002   0x08000e86   0x00000004   Data   RW          896    .data               delay.o
    0x20000006   0x08000e8a   0x00000002   PAD
    0x20000008   0x08000e8c   0x00000004   Data   RW          962    .data               usart.o
    0x2000000c   0x08000e90   0x00000004   Data   RW          964    .data               usart.o
    0x20000010   0x08000e94   0x00000010   Data   RW         1227    .data               stm32f4xx_rcc.o
    0x20000020   0x08000ea4   0x0000003c   Data   RW         2930    .data               tasks.o
    0x2000005c        -       0x00000400   Zero   RW          961    .bss                usart.o
    0x2000045c        -       0x000002e4   Zero   RW         2929    .bss                tasks.o
    0x20000740        -       0x00000060   Zero   RW         3633    .bss                c_w.l(libspace.o)
    0x200007a0        -       0x00000200   Zero   RW         1024    HEAP                startup_stm32f40_41xxx.o
    0x200009a0        -       0x00000400   Zero   RW         1023    STACK               startup_stm32f40_41xxx.o


==============================================================================

Image component sizes


      Code (inc. data)   RO Data    RW Data    ZI Data      Debug   Object Name

        76          6          0          4          0       1279   delay.o
         0          0          0          0          0       1500   event_groups.o
        60          4          0          0          0        511   led.o
        60          0          0          0          0       1452   list.o
        28          0          0          0          0     289075   main.o
       144         14          0          0          0       2025   misc.o
       226         22          0          0          0       3818   port.o
        64         26        392          0       1536        824   startup_stm32f40_41xxx.o
       156          0          0          0          0       2234   stm32f4xx_gpio.o
        12          0          0          0          0       2577   stm32f4xx_it.o
       192         24          0         16          0       4010   stm32f4xx_rcc.o
        30          0          0          0          0       2741   stm32f4xx_tim.o
       310          8          0          0          0       4314   stm32f4xx_usart.o
       272         36          0          0          0       1425   system_stm32f4xx.o
       416        100          0         60        740      14900   tasks.o
        36          4          0          1          0        701   timer.o
       254         26          0          8       1024       4148   usart.o

    ----------------------------------------------------------------------
      2344        270        424         92       3300     337534   Object Totals
         0          0         32          0          0          0   (incl. Generated)
         8          0          0          3          0          0   (incl. Padding)

    ----------------------------------------------------------------------

      Code (inc. data)   RO Data    RW Data    ZI Data      Debug   Library Member Name

         8          0          0          0          0         68   __main.o
       104          0          0          0          0         84   __printf.o
         0          0          0          0          0          0   __rtentry.o
        12          0          0          0          0          0   __rtentry2.o
         6          0          0          0          0          0   __rtentry4.o
        52          8          0          0          0          0   __scatter.o
        26          0          0          0          0          0   __scatter_copy.o
        28          0          0          0          0          0   __scatter_zi.o
        44          0          0          0          0        108   _printf_char.o
        48          6          0          0          0         96   _printf_char_common.o
        36          4          0          0          0         80   _printf_char_file.o
         6          0          0          0          0          0   _printf_d.o
       120         16          0          0          0         92   _printf_dec.o
       178          0          0          0          0         88   _printf_intcommon.o
         0          0          0          0          0          0   _printf_percent.o
         4          0          0          0          0          0   _printf_percent_end.o
         6          0          0          0          0          0   _printf_s.o
        82          0          0          0          0         80   _printf_str.o
        18          0          0          0          0         80   exit.o
         8          0          0          0          0         68   ferror.o
         6          0          0          0          0        152   heapauxi.o
         2          0          0          0          0          0   libinit.o
         6          0          0          0          0          0   libinit2.o
         2          0          0          0          0          0   libshutdown.o
         2          0          0          0          0          0   libshutdown2.o
         8          4          0          0         96         68   libspace.o
        24          4          0          0          0         84   noretval__2printf.o
         2          0          0          0          0          0   rtexit.o
        10          0          0          0          0          0   rtexit2.o
        74          0          0          0          0         80   sys_stackheap_outer.o
         2          0          0          0          0         68   use_no_semi.o
         2          0          0          0          0         68   use_no_semi_2.o
        10          0          0          0          0        116   fpinit.o

    ----------------------------------------------------------------------
       948         42          0          0         96       1480   Library Totals
        12          0          0          0          0          0   (incl. Padding)

    ----------------------------------------------------------------------

      Code (inc. data)   RO Data    RW Data    ZI Data      Debug   Library Name

       926         42          0          0         96       1364   c_w.l
        10          0          0          0          0        116   fz_wm.l

    ----------------------------------------------------------------------
       948         42          0          0         96       1480   Library Totals

    ----------------------------------------------------------------------

==============================================================================


      Code (inc. data)   RO Data    RW Data    ZI Data      Debug   

      3292        312        424         92       3396     334990   Grand Totals
      3292        312        424         92       3396     334990   ELF Image Totals
      3292        312        424         92          0          0   ROM Totals

==============================================================================

    Total RO  Size (Code + RO Data)                 3716 (   3.63kB)
    Total RW  Size (RW Data + ZI Data)              3488 (   3.41kB)
    Total ROM Size (Code + RO Data + RW Data)       3808 (   3.72kB)

==============================================================================

